../Core/Src/main.c:63:10:MAP	24	static
../Core/Src/main.c:68:5:mapChannel	32	static
../Core/Src/main.c:79:6:update_encoder	40	static
../Core/Src/main.c:128:6:HAL_TIM_IC_CaptureCallback	16	static
../Core/Src/main.c:144:6:measureRPM	64	static
../Core/Src/main.c:174:6:SPIConfig	4	static
../Core/Src/main.c:195:6:SPI_Transmit	24	static
../Core/Src/main.c:228:6:SPI_Receive	16	static
../Core/Src/main.c:247:6:GPIOConfig	4	static
../Core/Src/main.c:259:6:SPI_Enable	4	static
../Core/Src/main.c:264:6:SPI_Disable	4	static
../Core/Src/main.c:269:6:CS_Enable	4	static
../Core/Src/main.c:274:6:CS_Disable	4	static
../Core/Src/main.c:297:5:main	8	static
../Core/Src/main.c:551:6:SystemClock_Config	88	static
../Core/Src/main.c:596:6:HAL_GPIO_EXTI_Callback	16	static,ignoring_inline_asm
../Core/Src/main.c:619:6:Error_Handler	4	static,ignoring_inline_asm
