../Core/Src/main.c:69:10:MAP	24	static
../Core/Src/main.c:74:5:mapChannel	32	static
../Core/Src/main.c:83:5:main	24	static
../Core/Src/main.c:158:6:SystemClock_Config	88	static
../Core/Src/main.c:205:13:MX_SPI1_Init	8	static
../Core/Src/main.c:243:13:MX_TIM1_Init	96	static
../Core/Src/main.c:327:13:MX_TIM2_Init	56	static
../Core/Src/main.c:376:13:MX_TIM3_Init	56	static
../Core/Src/main.c:425:13:MX_TIM4_Init	56	static
../Core/Src/main.c:474:13:MX_GPIO_Init	40	static
../Core/Src/main.c:512:6:HAL_GPIO_EXTI_Callback	16	static,ignoring_inline_asm
../Core/Src/main.c:534:6:Error_Handler	4	static,ignoring_inline_asm
