../Core/Src/main.c:78:5:main	8	static
../Core/Src/main.c:134:6:SystemClock_Config	88	static
../Core/Src/main.c:181:13:MX_SPI1_Init	8	static
../Core/Src/main.c:219:13:MX_TIM1_Init	96	static
../Core/Src/main.c:302:13:MX_TIM2_Init	56	static
../Core/Src/main.c:351:13:MX_TIM3_Init	56	static
../Core/Src/main.c:400:13:MX_TIM4_Init	56	static
../Core/Src/main.c:449:13:MX_USB_PCD_Init	8	static
../Core/Src/main.c:480:13:MX_GPIO_Init	40	static
../Core/Src/main.c:516:6:HAL_GPIO_EXTI_Callback	16	static,ignoring_inline_asm
../Core/Src/main.c:553:6:Error_Handler	4	static,ignoring_inline_asm
