../Core/Src/stm32f1xx_hal_msp.c:65:6:HAL_MspInit	8	static
../Core/Src/stm32f1xx_hal_msp.c:92:6:HAL_SPI_MspInit	32	static
../Core/Src/stm32f1xx_hal_msp.c:132:6:HAL_SPI_MspDeInit	0	static
../Core/Src/stm32f1xx_hal_msp.c:162:6:HAL_TIM_Base_MspInit	8	static
../Core/Src/stm32f1xx_hal_msp.c:184:6:HAL_TIM_Encoder_MspInit	48	static
../Core/Src/stm32f1xx_hal_msp.c:258:6:HAL_TIM_MspPostInit	32	static
../Core/Src/stm32f1xx_hal_msp.c:290:6:HAL_TIM_Base_MspDeInit	0	static
../Core/Src/stm32f1xx_hal_msp.c:312:6:HAL_TIM_Encoder_MspDeInit	0	static
../Core/Src/stm32f1xx_hal_msp.c:377:6:HAL_PCD_MspInit	8	static
../Core/Src/stm32f1xx_hal_msp.c:399:6:HAL_PCD_MspDeInit	0	static
