Archive member included to satisfy reference by file (symbol)

/Applications/STM32CubeIDE.app/Contents/Eclipse/plugins/com.st.stm32cube.ide.mcu.externaltools.gnu-tools-for-stm32.12.3.rel1.macos64_1.0.100.202403111906/tools/bin/../lib/gcc/arm-none-eabi/12.3.1/../../../../arm-none-eabi/lib/thumb/v7-m/nofp/libc_nano.a(libc_a-exit.o)
                              /Applications/STM32CubeIDE.app/Contents/Eclipse/plugins/com.st.stm32cube.ide.mcu.externaltools.gnu-tools-for-stm32.12.3.rel1.macos64_1.0.100.202403111906/tools/bin/../lib/gcc/arm-none-eabi/12.3.1/../../../../arm-none-eabi/lib/thumb/v7-m/nofp/crt0.o (exit)
/Applications/STM32CubeIDE.app/Contents/Eclipse/plugins/com.st.stm32cube.ide.mcu.externaltools.gnu-tools-for-stm32.12.3.rel1.macos64_1.0.100.202403111906/tools/bin/../lib/gcc/arm-none-eabi/12.3.1/../../../../arm-none-eabi/lib/thumb/v7-m/nofp/libc_nano.a(libc_a-findfp.o)
                              /Applications/STM32CubeIDE.app/Contents/Eclipse/plugins/com.st.stm32cube.ide.mcu.externaltools.gnu-tools-for-stm32.12.3.rel1.macos64_1.0.100.202403111906/tools/bin/../lib/gcc/arm-none-eabi/12.3.1/../../../../arm-none-eabi/lib/thumb/v7-m/nofp/libc_nano.a(libc_a-exit.o) (__stdio_exit_handler)
/Applications/STM32CubeIDE.app/Contents/Eclipse/plugins/com.st.stm32cube.ide.mcu.externaltools.gnu-tools-for-stm32.12.3.rel1.macos64_1.0.100.202403111906/tools/bin/../lib/gcc/arm-none-eabi/12.3.1/../../../../arm-none-eabi/lib/thumb/v7-m/nofp/libc_nano.a(libc_a-fwalk.o)
                              /Applications/STM32CubeIDE.app/Contents/Eclipse/plugins/com.st.stm32cube.ide.mcu.externaltools.gnu-tools-for-stm32.12.3.rel1.macos64_1.0.100.202403111906/tools/bin/../lib/gcc/arm-none-eabi/12.3.1/../../../../arm-none-eabi/lib/thumb/v7-m/nofp/libc_nano.a(libc_a-findfp.o) (_fwalk_sglue)
/Applications/STM32CubeIDE.app/Contents/Eclipse/plugins/com.st.stm32cube.ide.mcu.externaltools.gnu-tools-for-stm32.12.3.rel1.macos64_1.0.100.202403111906/tools/bin/../lib/gcc/arm-none-eabi/12.3.1/../../../../arm-none-eabi/lib/thumb/v7-m/nofp/libc_nano.a(libc_a-memset.o)
                              /Applications/STM32CubeIDE.app/Contents/Eclipse/plugins/com.st.stm32cube.ide.mcu.externaltools.gnu-tools-for-stm32.12.3.rel1.macos64_1.0.100.202403111906/tools/bin/../lib/gcc/arm-none-eabi/12.3.1/../../../../arm-none-eabi/lib/thumb/v7-m/nofp/crt0.o (memset)
/Applications/STM32CubeIDE.app/Contents/Eclipse/plugins/com.st.stm32cube.ide.mcu.externaltools.gnu-tools-for-stm32.12.3.rel1.macos64_1.0.100.202403111906/tools/bin/../lib/gcc/arm-none-eabi/12.3.1/../../../../arm-none-eabi/lib/thumb/v7-m/nofp/libc_nano.a(libc_a-impure.o)
                              /Applications/STM32CubeIDE.app/Contents/Eclipse/plugins/com.st.stm32cube.ide.mcu.externaltools.gnu-tools-for-stm32.12.3.rel1.macos64_1.0.100.202403111906/tools/bin/../lib/gcc/arm-none-eabi/12.3.1/../../../../arm-none-eabi/lib/thumb/v7-m/nofp/libc_nano.a(libc_a-findfp.o) (_impure_data)
/Applications/STM32CubeIDE.app/Contents/Eclipse/plugins/com.st.stm32cube.ide.mcu.externaltools.gnu-tools-for-stm32.12.3.rel1.macos64_1.0.100.202403111906/tools/bin/../lib/gcc/arm-none-eabi/12.3.1/../../../../arm-none-eabi/lib/thumb/v7-m/nofp/libc_nano.a(libc_a-errno.o)
                              ./Core/Src/syscalls.o (__errno)
/Applications/STM32CubeIDE.app/Contents/Eclipse/plugins/com.st.stm32cube.ide.mcu.externaltools.gnu-tools-for-stm32.12.3.rel1.macos64_1.0.100.202403111906/tools/bin/../lib/gcc/arm-none-eabi/12.3.1/../../../../arm-none-eabi/lib/thumb/v7-m/nofp/libc_nano.a(libc_a-init.o)
                              /Applications/STM32CubeIDE.app/Contents/Eclipse/plugins/com.st.stm32cube.ide.mcu.externaltools.gnu-tools-for-stm32.12.3.rel1.macos64_1.0.100.202403111906/tools/bin/../lib/gcc/arm-none-eabi/12.3.1/../../../../arm-none-eabi/lib/thumb/v7-m/nofp/crt0.o (__libc_init_array)
/Applications/STM32CubeIDE.app/Contents/Eclipse/plugins/com.st.stm32cube.ide.mcu.externaltools.gnu-tools-for-stm32.12.3.rel1.macos64_1.0.100.202403111906/tools/bin/../lib/gcc/arm-none-eabi/12.3.1/../../../../arm-none-eabi/lib/thumb/v7-m/nofp/libc_nano.a(libc_a-lock.o)
                              /Applications/STM32CubeIDE.app/Contents/Eclipse/plugins/com.st.stm32cube.ide.mcu.externaltools.gnu-tools-for-stm32.12.3.rel1.macos64_1.0.100.202403111906/tools/bin/../lib/gcc/arm-none-eabi/12.3.1/../../../../arm-none-eabi/lib/thumb/v7-m/nofp/libc_nano.a(libc_a-findfp.o) (__retarget_lock_init_recursive)
/Applications/STM32CubeIDE.app/Contents/Eclipse/plugins/com.st.stm32cube.ide.mcu.externaltools.gnu-tools-for-stm32.12.3.rel1.macos64_1.0.100.202403111906/tools/bin/../lib/gcc/arm-none-eabi/12.3.1/../../../../arm-none-eabi/lib/thumb/v7-m/nofp/libc_nano.a(libc_a-mallocr.o)
[...]
Memory Configuration

Name             Origin             Length             Attributes
RAM              0x20000000         0x00005000         xrw
FLASH            0x08000000         0x00010000         xr
*default*        0x00000000         0xffffffff

Linker script and memory map

LOAD /Applications/STM32CubeIDE.app/Contents/Eclipse/plugins/com.st.stm32cube.ide.mcu.externaltools.gnu-tools-for-stm32.12.3.rel1.macos64_1.0.100.202403111906/tools/bin/../lib/gcc/arm-none-eabi/12.3.1/thumb/v7-m/nofp/crti.o
LOAD /Applications/STM32CubeIDE.app/Contents/Eclipse/plugins/com.st.stm32cube.ide.mcu.externaltools.gnu-tools-for-stm32.12.3.rel1.macos64_1.0.100.202403111906/tools/bin/../lib/gcc/arm-none-eabi/12.3.1/thumb/v7-m/nofp/crtbegin.o
LOAD /Applications/STM32CubeIDE.app/Contents/Eclipse/plugins/com.st.stm32cube.ide.mcu.externaltools.gnu-tools-for-stm32.12.3.rel1.macos64_1.0.100.202403111906/tools/bin/../lib/gcc/arm-none-eabi/12.3.1/../../../../arm-none-eabi/lib/thumb/v7-m/nofp/crt0.o
LOAD ./Core/Src/gpio.o
LOAD ./Core/Src/main.o
LOAD ./Core/Src/spi.o
LOAD ./Core/Src/stm32f1xx_hal_msp.o
LOAD ./Core/Src/stm32f1xx_it.o
LOAD ./Core/Src/syscalls.o
LOAD ./Core/Src/sysmem.o
LOAD ./Core/Src/system_stm32f1xx.o
LOAD ./Core/Src/tim.o
LOAD ./Core/Startup/startup_stm32f103c8tx.o
LOAD ./Drivers/STM32F1xx_HAL_Driver/Src/stm32f1xx_hal.o
LOAD ./Drivers/STM32F1xx_HAL_Driver/Src/stm32f1xx_hal_cortex.o
LOAD ./Drivers/STM32F1xx_HAL_Driver/Src/stm32f1xx_hal_dma.o
LOAD ./Drivers/STM32F1xx_HAL_Driver/Src/stm32f1xx_hal_exti.o
LOAD ./Drivers/STM32F1xx_HAL_Driver/Src/stm32f1xx_hal_flash.o
LOAD ./Drivers/STM32F1xx_HAL_Driver/Src/stm32f1xx_hal_flash_ex.o
LOAD ./Drivers/STM32F1xx_HAL_Driver/Src/stm32f1xx_hal_gpio.o
LOAD ./Drivers/STM32F1xx_HAL_Driver/Src/stm32f1xx_hal_gpio_ex.o
LOAD ./Drivers/STM32F1xx_HAL_Driver/Src/stm32f1xx_hal_pcd.o
LOAD ./Drivers/STM32F1xx_HAL_Driver/Src/stm32f1xx_hal_pcd_ex.o
LOAD ./Drivers/STM32F1xx_HAL_Driver/Src/stm32f1xx_hal_pwr.o
LOAD ./Drivers/STM32F1xx_HAL_Driver/Src/stm32f1xx_hal_rcc.o
LOAD ./Drivers/STM32F1xx_HAL_Driver/Src/stm32f1xx_hal_rcc_ex.o
LOAD ./Drivers/STM32F1xx_HAL_Driver/Src/stm32f1xx_hal_spi.o
LOAD ./Drivers/STM32F1xx_HAL_Driver/Src/stm32f1xx_hal_tim.o
LOAD ./Drivers/STM32F1xx_HAL_Driver/Src/stm32f1xx_hal_tim_ex.o
LOAD ./Drivers/STM32F1xx_HAL_Driver/Src/stm32f1xx_ll_usb.o
LOAD ./Middlewares/ST/STM32_USB_Device_Library/Class/CDC/Src/usbd_cdc.o
LOAD ./Middlewares/ST/STM32_USB_Device_Library/Core/Src/usbd_core.o
LOAD ./Middlewares/ST/STM32_USB_Device_Library/Core/Src/usbd_ctlreq.o
LOAD ./Middlewares/ST/STM32_USB_Device_Library/Core/Src/usbd_ioreq.o
LOAD ./USB_DEVICE/App/usb_device.o
LOAD ./USB_DEVICE/App/usbd_cdc_if.o
LOAD ./USB_DEVICE/App/usbd_desc.o
LOAD ./USB_DEVICE/Target/usbd_conf.o
START GROUP
LOAD /Applications/STM32CubeIDE.app/Contents/Eclipse/plugins/com.st.stm32cube.ide.mcu.externaltools.gnu-tools-for-stm32.12.3.rel1.macos64_1.0.100.202403111906/tools/bin/../lib/gcc/arm-none-eabi/12.3.1/../../../../arm-none-eabi/lib/thumb/v7-m/nofp/libc_nano.a
LOAD /Applications/STM32CubeIDE.app/Contents/Eclipse/plugins/com.st.stm32cube.ide.mcu.externaltools.gnu-tools-for-stm32.12.3.rel1.macos64_1.0.100.202403111906/tools/bin/../lib/gcc/arm-none-eabi/12.3.1/../../../../arm-none-eabi/lib/thumb/v7-m/nofp/libm.a
END GROUP
START GROUP
LOAD /Applications/STM32CubeIDE.app/Contents/Eclipse/plugins/com.st.stm32cube.ide.mcu.externaltools.gnu-tools-for-stm32.12.3.rel1.macos64_1.0.100.202403111906/tools/bin/../lib/gcc/arm-none-eabi/12.3.1/thumb/v7-m/nofp/libgcc.a
LOAD /Applications/STM32CubeIDE.app/Contents/Eclipse/plugins/com.st.stm32cube.ide.mcu.externaltools.gnu-tools-for-stm32.12.3.rel1.macos64_1.0.100.202403111906/tools/bin/../lib/gcc/arm-none-eabi/12.3.1/../../../../arm-none-eabi/lib/thumb/v7-m/nofp/libc_nano.a
END GROUP
START GROUP
LOAD /Applications/STM32CubeIDE.app/Contents/Eclipse/plugins/com.st.stm32cube.ide.mcu.externaltools.gnu-tools-for-stm32.12.3.rel1.macos64_1.0.100.202403111906/tools/bin/../lib/gcc/arm-none-eabi/12.3.1/thumb/v7-m/nofp/libgcc.a
LOAD /Applications/STM32CubeIDE.app/Contents/Eclipse/plugins/com.st.stm32cube.ide.mcu.externaltools.gnu-tools-for-stm32.12.3.rel1.macos64_1.0.100.202403111906/tools/bin/../lib/gcc/arm-none-eabi/12.3.1/../../../../arm-none-eabi/lib/thumb/v7-m/nofp/libc_nano.a
LOAD /Applications/STM32CubeIDE.app/Contents/Eclipse/plugins/com.st.stm32cube.ide.mcu.externaltools.gnu-tools-for-stm32.12.3.rel1.macos64_1.0.100.202403111906/tools/bin/../lib/gcc/arm-none-eabi/12.3.1/../../../../arm-none-eabi/lib/thumb/v7-m/nofp/libnosys.a
END GROUP
START GROUP
LOAD /Applications/STM32CubeIDE.app/Contents/Eclipse/plugins/com.st.stm32cube.ide.mcu.externaltools.gnu-tools-for-stm32.12.3.rel1.macos64_1.0.100.202403111906/tools/bin/../lib/gcc/arm-none-eabi/12.3.1/thumb/v7-m/nofp/libgcc.a
LOAD /Applications/STM32CubeIDE.app/Contents/Eclipse/plugins/com.st.stm32cube.ide.mcu.externaltools.gnu-tools-for-stm32.12.3.rel1.macos64_1.0.100.202403111906/tools/bin/../lib/gcc/arm-none-eabi/12.3.1/../../../../arm-none-eabi/lib/thumb/v7-m/nofp/libc_nano.a
LOAD /Applications/STM32CubeIDE.app/Contents/Eclipse/plugins/com.st.stm32cube.ide.mcu.externaltools.gnu-tools-for-stm32.12.3.rel1.macos64_1.0.100.202403111906/tools/bin/../lib/gcc/arm-none-eabi/12.3.1/../../../../arm-none-eabi/lib/thumb/v7-m/nofp/libnosys.a
END GROUP
LOAD /Applications/STM32CubeIDE.app/Contents/Eclipse/plugins/com.st.stm32cube.ide.mcu.externaltools.gnu-tools-for-stm32.12.3.rel1.macos64_1.0.100.202403111906/tools/bin/../lib/gcc/arm-none-eabi/12.3.1/thumb/v7-m/nofp/crtend.o
LOAD /Applications/STM32CubeIDE.app/Contents/Eclipse/plugins/com.st.stm32cube.ide.mcu.externaltools.gnu-tools-for-stm32.12.3.rel1.macos64_1.0.100.202403111906/tools/bin/../lib/gcc/arm-none-eabi/12.3.1/thumb/v7-m/nofp/crtn.o
                0x20005000                        _estack = (ORIGIN (RAM) + LENGTH (RAM))
                0x00000200                        _Min_Heap_Size = 0x200
                0x00000400                        _Min_Stack_Size = 0x400

.isr_vector     0x08000000      0x10c
                0x08000000                        . = ALIGN (0x4)
 *(.isr_vector)
 .isr_vector    0x08000000      0x10c ./Core/Startup/startup_stm32f103c8tx.o
                0x08000000                g_pfnVectors
                0x0800010c                        . = ALIGN (0x4)

.text           0x0800010c     0x91b0
                0x0800010c                        . = ALIGN (0x4)
 *(.text)
 .text          0x0800010c       0x40 /Applications/STM32CubeIDE.app/Contents/Eclipse/plugins/com.st.stm32cube.ide.mcu.externaltools.gnu-tools-for-stm32.12.3.rel1.macos64_1.0.100.202403111906/tools/bin/../lib/gcc/arm-none-eabi/12.3.1/thumb/v7-m/nofp/crtbegin.o
 *(.text*)
 .text.MX_GPIO_Init
                0x0800014c       0xc4 ./Core/Src/gpio.o
                0x0800014c                MX_GPIO_Init
 .text.MAP      0x08000210       0x36 ./Core/Src/main.o
                0x08000210                MAP
 .text.mapChannel
                0x08000246       0x2c ./Core/Src/main.o
                0x08000246                mapChannel
 *fill*         0x08000272        0x2 
 .text.HAL_TIM_IC_CaptureCallback
                0x08000274       0x74 ./Core/Src/main.o
                0x08000274                HAL_TIM_IC_CaptureCallback
 .text.main     0x080002e8      0x124 ./Core/Src/main.o
                0x080002e8                main
 .text.SystemClock_Config
                0x0800040c       0xb4 ./Core/Src/main.o
                0x0800040c                SystemClock_Config
 .text.HAL_GPIO_EXTI_Callback
                0x080004c0       0x50 ./Core/Src/main.o
                0x080004c0                HAL_GPIO_EXTI_Callback
 .text.Error_Handler
                0x08000510        0xc ./Core/Src/main.o
                0x08000510                Error_Handler
 .text.MX_SPI1_Init
                0x0800051c       0x6c ./Core/Src/spi.o
                0x0800051c                MX_SPI1_Init
 .text.HAL_SPI_MspInit
                0x08000588       0x94 ./Core/Src/spi.o
                0x08000588                HAL_SPI_MspInit
 .text.HAL_MspInit
                0x0800061c       0x64 ./Core/Src/stm32f1xx_hal_msp.o
                0x0800061c                HAL_MspInit
 .text.NMI_Handler
                0x08000680        0x8 ./Core/Src/stm32f1xx_it.o
                0x08000680                NMI_Handler
 .text.HardFault_Handler
                0x08000688        0x8 ./Core/Src/stm32f1xx_it.o
                0x08000688                HardFault_Handler
 .text.MemManage_Handler
                0x08000690        0x8 ./Core/Src/stm32f1xx_it.o
                0x08000690                MemManage_Handler
 .text.BusFault_Handler
                0x08000698        0x8 ./Core/Src/stm32f1xx_it.o
                0x08000698                BusFault_Handler
 .text.UsageFault_Handler
                0x080006a0        0x8 ./Core/Src/stm32f1xx_it.o
                0x080006a0                UsageFault_Handler
 .text.SVC_Handler
                0x080006a8        0xc ./Core/Src/stm32f1xx_it.o
                0x080006a8                SVC_Handler
 .text.DebugMon_Handler
                0x080006b4        0xc ./Core/Src/stm32f1xx_it.o
                0x080006b4                DebugMon_Handler
 .text.PendSV_Handler
                0x080006c0        0xc ./Core/Src/stm32f1xx_it.o
                0x080006c0                PendSV_Handler
 .text.SysTick_Handler
                0x080006cc        0xc ./Core/Src/stm32f1xx_it.o
                0x080006cc                SysTick_Handler
 .text.USB_LP_CAN1_RX0_IRQHandler
                0x080006d8       0x14 ./Core/Src/stm32f1xx_it.o
                0x080006d8                USB_LP_CAN1_RX0_IRQHandler
 .text.EXTI9_5_IRQHandler
                0x080006ec       0x10 ./Core/Src/stm32f1xx_it.o
                0x080006ec                EXTI9_5_IRQHandler
 .text.TIM2_IRQHandler
                0x080006fc       0x14 ./Core/Src/stm32f1xx_it.o
                0x080006fc                TIM2_IRQHandler
 .text.TIM3_IRQHandler
                0x08000710       0x14 ./Core/Src/stm32f1xx_it.o
                0x08000710                TIM3_IRQHandler
 .text.TIM4_IRQHandler
                0x08000724       0x14 ./Core/Src/stm32f1xx_it.o
                0x08000724                TIM4_IRQHandler
 .text.SystemInit
                0x08000738        0xc ./Core/Src/system_stm32f1xx.o
                0x08000738                SystemInit
 .text.MX_TIM1_Init
                0x08000744      0x178 ./Core/Src/tim.o
                0x08000744                MX_TIM1_Init
 .text.MX_TIM2_Init
                0x080008bc       0xa8 ./Core/Src/tim.o
                0x080008bc                MX_TIM2_Init
 .text.MX_TIM3_Init
                0x08000964       0xa8 ./Core/Src/tim.o
                0x08000964                MX_TIM3_Init
 .text.MX_TIM4_Init
                0x08000a0c       0xa8 ./Core/Src/tim.o
                0x08000a0c                MX_TIM4_Init
 .text.HAL_TIM_Base_MspInit
                0x08000ab4       0x3c ./Core/Src/tim.o
                0x08000ab4                HAL_TIM_Base_MspInit
 .text.HAL_TIM_Encoder_MspInit
                0x08000af0      0x184 ./Core/Src/tim.o
                0x08000af0                HAL_TIM_Encoder_MspInit
 .text.HAL_TIM_MspPostInit
                0x08000c74       0x68 ./Core/Src/tim.o
                0x08000c74                HAL_TIM_MspPostInit
 .text.Reset_Handler
                0x08000cdc       0x48 ./Core/Startup/startup_stm32f103c8tx.o
                0x08000cdc                Reset_Handler
 .text.Default_Handler
                0x08000d24        0x2 ./Core/Startup/startup_stm32f103c8tx.o
                0x08000d24                USBWakeUp_IRQHandler
                0x08000d24                EXTI2_IRQHandler
                0x08000d24                TIM1_CC_IRQHandler
                0x08000d24                PVD_IRQHandler
                0x08000d24                EXTI3_IRQHandler
                0x08000d24                EXTI0_IRQHandler
                0x08000d24                I2C2_EV_IRQHandler
                0x08000d24                ADC1_2_IRQHandler
                0x08000d24                SPI1_IRQHandler
                0x08000d24                TAMPER_IRQHandler
                0x08000d24                DMA1_Channel4_IRQHandler
                0x08000d24                USART3_IRQHandler
                0x08000d24                RTC_IRQHandler
                0x08000d24                DMA1_Channel7_IRQHandler
                0x08000d24                CAN1_RX1_IRQHandler
                0x08000d24                I2C1_EV_IRQHandler
                0x08000d24                DMA1_Channel6_IRQHandler
                0x08000d24                RCC_IRQHandler
                0x08000d24                TIM1_TRG_COM_IRQHandler
                0x08000d24                DMA1_Channel1_IRQHandler
                0x08000d24                Default_Handler
                0x08000d24                EXTI15_10_IRQHandler
                0x08000d24                SPI2_IRQHandler
                0x08000d24                DMA1_Channel5_IRQHandler
                0x08000d24                EXTI4_IRQHandler
                0x08000d24                USB_HP_CAN1_TX_IRQHandler
                0x08000d24                DMA1_Channel3_IRQHandler
                0x08000d24                TIM1_UP_IRQHandler
                0x08000d24                WWDG_IRQHandler
                0x08000d24                TIM1_BRK_IRQHandler
                0x08000d24                EXTI1_IRQHandler
                0x08000d24                USART2_IRQHandler
                0x08000d24                I2C2_ER_IRQHandler
                0x08000d24                DMA1_Channel2_IRQHandler
                0x08000d24                CAN1_SCE_IRQHandler
                0x08000d24                FLASH_IRQHandler
                0x08000d24                USART1_IRQHandler
                0x08000d24                I2C1_ER_IRQHandler
                0x08000d24                RTC_Alarm_IRQHandler
 *fill*         0x08000d26        0x2 
 .text.HAL_Init
                0x08000d28       0x2c ./Drivers/STM32F1xx_HAL_Driver/Src/stm32f1xx_hal.o
                0x08000d28                HAL_Init
 .text.HAL_InitTick
                0x08000d54       0x60 ./Drivers/STM32F1xx_HAL_Driver/Src/stm32f1xx_hal.o
                0x08000d54                HAL_InitTick
 .text.HAL_IncTick
                0x08000db4       0x24 ./Drivers/STM32F1xx_HAL_Driver/Src/stm32f1xx_hal.o
                0x08000db4                HAL_IncTick
 .text.HAL_GetTick
                0x08000dd8       0x14 ./Drivers/STM32F1xx_HAL_Driver/Src/stm32f1xx_hal.o
                0x08000dd8                HAL_GetTick
 .text.HAL_Delay
                0x08000dec       0x48 ./Drivers/STM32F1xx_HAL_Driver/Src/stm32f1xx_hal.o
                0x08000dec                HAL_Delay
 .text.__NVIC_SetPriorityGrouping
                0x08000e34       0x48 ./Drivers/STM32F1xx_HAL_Driver/Src/stm32f1xx_hal_cortex.o
 .text.__NVIC_GetPriorityGrouping
                0x08000e7c       0x1c ./Drivers/STM32F1xx_HAL_Driver/Src/stm32f1xx_hal_cortex.o
 .text.__NVIC_EnableIRQ
                0x08000e98       0x38 ./Drivers/STM32F1xx_HAL_Driver/Src/stm32f1xx_hal_cortex.o
 .text.__NVIC_SetPriority
                0x08000ed0       0x54 ./Drivers/STM32F1xx_HAL_Driver/Src/stm32f1xx_hal_cortex.o
 .text.NVIC_EncodePriority
                0x08000f24       0x64 ./Drivers/STM32F1xx_HAL_Driver/Src/stm32f1xx_hal_cortex.o
 .text.SysTick_Config
                0x08000f88       0x44 ./Drivers/STM32F1xx_HAL_Driver/Src/stm32f1xx_hal_cortex.o
 .text.HAL_NVIC_SetPriorityGrouping
                0x08000fcc       0x16 ./Drivers/STM32F1xx_HAL_Driver/Src/stm32f1xx_hal_cortex.o
                0x08000fcc                HAL_NVIC_SetPriorityGrouping
 .text.HAL_NVIC_SetPriority
                0x08000fe2       0x38 ./Drivers/STM32F1xx_HAL_Driver/Src/stm32f1xx_hal_cortex.o
                0x08000fe2                HAL_NVIC_SetPriority
 .text.HAL_NVIC_EnableIRQ
                0x0800101a       0x1c ./Drivers/STM32F1xx_HAL_Driver/Src/stm32f1xx_hal_cortex.o
                0x0800101a                HAL_NVIC_EnableIRQ
 .text.HAL_SYSTICK_Config
                0x08001036       0x18 ./Drivers/STM32F1xx_HAL_Driver/Src/stm32f1xx_hal_cortex.o
                0x08001036                HAL_SYSTICK_Config
 *fill*         0x0800104e        0x2 
 .text.HAL_GPIO_Init
                0x08001050      0x308 ./Drivers/STM32F1xx_HAL_Driver/Src/stm32f1xx_hal_gpio.o
                0x08001050                HAL_GPIO_Init
 .text.HAL_GPIO_ReadPin
                0x08001358       0x2e ./Drivers/STM32F1xx_HAL_Driver/Src/stm32f1xx_hal_gpio.o
                0x08001358                HAL_GPIO_ReadPin
 .text.HAL_GPIO_WritePin
                0x08001386       0x30 ./Drivers/STM32F1xx_HAL_Driver/Src/stm32f1xx_hal_gpio.o
                0x08001386                HAL_GPIO_WritePin
 *fill*         0x080013b6        0x2 
 .text.HAL_GPIO_EXTI_IRQHandler
                0x080013b8       0x30 ./Drivers/STM32F1xx_HAL_Driver/Src/stm32f1xx_hal_gpio.o
                0x080013b8                HAL_GPIO_EXTI_IRQHandler
 .text.HAL_PCD_Init
                0x080013e8      0x1fe ./Drivers/STM32F1xx_HAL_Driver/Src/stm32f1xx_hal_pcd.o
                0x080013e8                HAL_PCD_Init
 .text.HAL_PCD_Start
                0x080015e6       0x4c ./Drivers/STM32F1xx_HAL_Driver/Src/stm32f1xx_hal_pcd.o
                0x080015e6                HAL_PCD_Start
 .text.HAL_PCD_IRQHandler
                0x08001632      0x260 ./Drivers/STM32F1xx_HAL_Driver/Src/stm32f1xx_hal_pcd.o
                0x08001632                HAL_PCD_IRQHandler
 .text.HAL_PCD_SetAddress
                0x08001892       0x4a ./Drivers/STM32F1xx_HAL_Driver/Src/stm32f1xx_hal_pcd.o
                0x08001892                HAL_PCD_SetAddress
 .text.HAL_PCD_EP_Open
                0x080018dc       0xba ./Drivers/STM32F1xx_HAL_Driver/Src/stm32f1xx_hal_pcd.o
                0x080018dc                HAL_PCD_EP_Open
 .text.HAL_PCD_EP_Close
                0x08001996       0x90 ./Drivers/STM32F1xx_HAL_Driver/Src/stm32f1xx_hal_pcd.o
                0x08001996                HAL_PCD_EP_Close
 .text.HAL_PCD_EP_Receive
                0x08001a26       0x62 ./Drivers/STM32F1xx_HAL_Driver/Src/stm32f1xx_hal_pcd.o
                0x08001a26                HAL_PCD_EP_Receive
 .text.HAL_PCD_EP_GetRxCount
                0x08001a88       0x2e ./Drivers/STM32F1xx_HAL_Driver/Src/stm32f1xx_hal_pcd.o
                0x08001a88                HAL_PCD_EP_GetRxCount
 .text.HAL_PCD_EP_Transmit
                0x08001ab6       0x6e ./Drivers/STM32F1xx_HAL_Driver/Src/stm32f1xx_hal_pcd.o
                0x08001ab6                HAL_PCD_EP_Transmit
 .text.HAL_PCD_EP_SetStall
                0x08001b24       0xc0 ./Drivers/STM32F1xx_HAL_Driver/Src/stm32f1xx_hal_pcd.o
                0x08001b24                HAL_PCD_EP_SetStall
 .text.HAL_PCD_EP_ClrStall
                0x08001be4       0xa8 ./Drivers/STM32F1xx_HAL_Driver/Src/stm32f1xx_hal_pcd.o
                0x08001be4                HAL_PCD_EP_ClrStall
 .text.PCD_EP_ISR_Handler
                0x08001c8c      0x7a4 ./Drivers/STM32F1xx_HAL_Driver/Src/stm32f1xx_hal_pcd.o
 .text.HAL_PCD_EP_DB_Receive
                0x08002430      0x21a ./Drivers/STM32F1xx_HAL_Driver/Src/stm32f1xx_hal_pcd.o
 .text.HAL_PCD_EP_DB_Transmit
                0x0800264a      0x7f4 ./Drivers/STM32F1xx_HAL_Driver/Src/stm32f1xx_hal_pcd.o
 .text.HAL_PCDEx_PMAConfig
                0x08002e3e       0x84 ./Drivers/STM32F1xx_HAL_Driver/Src/stm32f1xx_hal_pcd_ex.o
                0x08002e3e                HAL_PCDEx_PMAConfig
 *fill*         0x08002ec2        0x2 
 .text.HAL_RCC_OscConfig
                0x08002ec4      0x504 ./Drivers/STM32F1xx_HAL_Driver/Src/stm32f1xx_hal_rcc.o
                0x08002ec4                HAL_RCC_OscConfig
 .text.HAL_RCC_ClockConfig
                0x080033c8      0x1d4 ./Drivers/STM32F1xx_HAL_Driver/Src/stm32f1xx_hal_rcc.o
                0x080033c8                HAL_RCC_ClockConfig
 .text.HAL_RCC_GetSysClockFreq
                0x0800359c       0xa8 ./Drivers/STM32F1xx_HAL_Driver/Src/stm32f1xx_hal_rcc.o
                0x0800359c                HAL_RCC_GetSysClockFreq
 .text.RCC_Delay
                0x08003644       0x3c ./Drivers/STM32F1xx_HAL_Driver/Src/stm32f1xx_hal_rcc.o
 .text.HAL_RCCEx_PeriphCLKConfig
                0x08003680      0x16c ./Drivers/STM32F1xx_HAL_Driver/Src/stm32f1xx_hal_rcc_ex.o
                0x08003680                HAL_RCCEx_PeriphCLKConfig
 .text.HAL_SPI_Init
                0x080037ec      0x108 ./Drivers/STM32F1xx_HAL_Driver/Src/stm32f1xx_hal_spi.o
                0x080037ec                HAL_SPI_Init
 .text.HAL_TIM_Base_Init
                0x080038f4       0x9e ./Drivers/STM32F1xx_HAL_Driver/Src/stm32f1xx_hal_tim.o
                0x080038f4                HAL_TIM_Base_Init
 .text.HAL_TIM_PWM_Init
                0x08003992       0x9e ./Drivers/STM32F1xx_HAL_Driver/Src/stm32f1xx_hal_tim.o
                0x08003992                HAL_TIM_PWM_Init
 .text.HAL_TIM_PWM_MspInit
                0x08003a30       0x12 ./Drivers/STM32F1xx_HAL_Driver/Src/stm32f1xx_hal_tim.o
                0x08003a30                HAL_TIM_PWM_MspInit
 *fill*         0x08003a42        0x2 
 .text.HAL_TIM_PWM_Start
                0x08003a44      0x144 ./Drivers/STM32F1xx_HAL_Driver/Src/stm32f1xx_hal_tim.o
                0x08003a44                HAL_TIM_PWM_Start
 .text.HAL_TIM_PWM_Stop
                0x08003b88       0xc8 ./Drivers/STM32F1xx_HAL_Driver/Src/stm32f1xx_hal_tim.o
                0x08003b88                HAL_TIM_PWM_Stop
 .text.HAL_TIM_Encoder_Init
                0x08003c50      0x144 ./Drivers/STM32F1xx_HAL_Driver/Src/stm32f1xx_hal_tim.o
                0x08003c50                HAL_TIM_Encoder_Init
 .text.HAL_TIM_Encoder_Start_IT
                0x08003d94      0x15c ./Drivers/STM32F1xx_HAL_Driver/Src/stm32f1xx_hal_tim.o
                0x08003d94                HAL_TIM_Encoder_Start_IT
 .text.HAL_TIM_IRQHandler
                0x08003ef0      0x210 ./Drivers/STM32F1xx_HAL_Driver/Src/stm32f1xx_hal_tim.o
                0x08003ef0                HAL_TIM_IRQHandler
 .text.HAL_TIM_PWM_ConfigChannel
                0x08004100      0x184 ./Drivers/STM32F1xx_HAL_Driver/Src/stm32f1xx_hal_tim.o
                0x08004100                HAL_TIM_PWM_ConfigChannel
 .text.HAL_TIM_ConfigClockSource
                0x08004284      0x18e ./Drivers/STM32F1xx_HAL_Driver/Src/stm32f1xx_hal_tim.o
                0x08004284                HAL_TIM_ConfigClockSource
 .text.HAL_TIM_PeriodElapsedCallback
                0x08004412       0x12 ./Drivers/STM32F1xx_HAL_Driver/Src/stm32f1xx_hal_tim.o
                0x08004412                HAL_TIM_PeriodElapsedCallback
 .text.HAL_TIM_OC_DelayElapsedCallback
                0x08004424       0x12 ./Drivers/STM32F1xx_HAL_Driver/Src/stm32f1xx_hal_tim.o
                0x08004424                HAL_TIM_OC_DelayElapsedCallback
 .text.HAL_TIM_PWM_PulseFinishedCallback
                0x08004436       0x12 ./Drivers/STM32F1xx_HAL_Driver/Src/stm32f1xx_hal_tim.o
                0x08004436                HAL_TIM_PWM_PulseFinishedCallback
 .text.HAL_TIM_TriggerCallback
                0x08004448       0x12 ./Drivers/STM32F1xx_HAL_Driver/Src/stm32f1xx_hal_tim.o
                0x08004448                HAL_TIM_TriggerCallback
 *fill*         0x0800445a        0x2 
 .text.TIM_Base_SetConfig
                0x0800445c       0xc4 ./Drivers/STM32F1xx_HAL_Driver/Src/stm32f1xx_hal_tim.o
                0x0800445c                TIM_Base_SetConfig
 .text.TIM_OC1_SetConfig
                0x08004520       0xcc ./Drivers/STM32F1xx_HAL_Driver/Src/stm32f1xx_hal_tim.o
 .text.TIM_OC2_SetConfig
                0x080045ec       0xd4 ./Drivers/STM32F1xx_HAL_Driver/Src/stm32f1xx_hal_tim.o
                0x080045ec                TIM_OC2_SetConfig
 .text.TIM_OC3_SetConfig
                0x080046c0       0xd4 ./Drivers/STM32F1xx_HAL_Driver/Src/stm32f1xx_hal_tim.o
 .text.TIM_OC4_SetConfig
                0x08004794       0x9c ./Drivers/STM32F1xx_HAL_Driver/Src/stm32f1xx_hal_tim.o
 .text.TIM_TI1_ConfigInputStage
                0x08004830       0x5c ./Drivers/STM32F1xx_HAL_Driver/Src/stm32f1xx_hal_tim.o
 .text.TIM_TI2_ConfigInputStage
                0x0800488c       0x5e ./Drivers/STM32F1xx_HAL_Driver/Src/stm32f1xx_hal_tim.o
 .text.TIM_ITRx_SetConfig
                0x080048ea       0x34 ./Drivers/STM32F1xx_HAL_Driver/Src/stm32f1xx_hal_tim.o
 .text.TIM_ETR_SetConfig
                0x0800491e       0x3e ./Drivers/STM32F1xx_HAL_Driver/Src/stm32f1xx_hal_tim.o
                0x0800491e                TIM_ETR_SetConfig
 .text.TIM_CCxChannelCmd
                0x0800495c       0x48 ./Drivers/STM32F1xx_HAL_Driver/Src/stm32f1xx_hal_tim.o
                0x0800495c                TIM_CCxChannelCmd
 .text.HAL_TIMEx_MasterConfigSynchronization
                0x080049a4       0xbc ./Drivers/STM32F1xx_HAL_Driver/Src/stm32f1xx_hal_tim_ex.o
                0x080049a4                HAL_TIMEx_MasterConfigSynchronization
 .text.HAL_TIMEx_ConfigBreakDeadTime
                0x08004a60       0xa2 ./Drivers/STM32F1xx_HAL_Driver/Src/stm32f1xx_hal_tim_ex.o
                0x08004a60                HAL_TIMEx_ConfigBreakDeadTime
 .text.HAL_TIMEx_CommutCallback
                0x08004b02       0x12 ./Drivers/STM32F1xx_HAL_Driver/Src/stm32f1xx_hal_tim_ex.o
                0x08004b02                HAL_TIMEx_CommutCallback
 .text.HAL_TIMEx_BreakCallback
                0x08004b14       0x12 ./Drivers/STM32F1xx_HAL_Driver/Src/stm32f1xx_hal_tim_ex.o
                0x08004b14                HAL_TIMEx_BreakCallback
 .text.USB_CoreInit
                0x08004b26       0x20 ./Drivers/STM32F1xx_HAL_Driver/Src/stm32f1xx_ll_usb.o
                0x08004b26                USB_CoreInit
 .text.USB_EnableGlobalInt
                0x08004b46       0x2c ./Drivers/STM32F1xx_HAL_Driver/Src/stm32f1xx_ll_usb.o
                0x08004b46                USB_EnableGlobalInt
 .text.USB_DisableGlobalInt
                0x08004b72       0x34 ./Drivers/STM32F1xx_HAL_Driver/Src/stm32f1xx_ll_usb.o
                0x08004b72                USB_DisableGlobalInt
 .text.USB_SetCurrentMode
                0x08004ba6       0x18 ./Drivers/STM32F1xx_HAL_Driver/Src/stm32f1xx_ll_usb.o
                0x08004ba6                USB_SetCurrentMode
 .text.USB_DevInit
                0x08004bbe       0x40 ./Drivers/STM32F1xx_HAL_Driver/Src/stm32f1xx_ll_usb.o
                0x08004bbe                USB_DevInit
 *fill*         0x08004bfe        0x2 
 .text.USB_ActivateEndpoint
                0x08004c00      0x780 ./Drivers/STM32F1xx_HAL_Driver/Src/stm32f1xx_ll_usb.o
                0x08004c00                USB_ActivateEndpoint
 .text.USB_DeactivateEndpoint
                0x08005380      0x3d8 ./Drivers/STM32F1xx_HAL_Driver/Src/stm32f1xx_ll_usb.o
                0x08005380                USB_DeactivateEndpoint
 .text.USB_EPStartXfer
                0x08005758     0x1762 ./Drivers/STM32F1xx_HAL_Driver/Src/stm32f1xx_ll_usb.o
                0x08005758                USB_EPStartXfer
 .text.USB_EPSetStall
                0x08006eba       0xa0 ./Drivers/STM32F1xx_HAL_Driver/Src/stm32f1xx_ll_usb.o
                0x08006eba                USB_EPSetStall
 .text.USB_EPClearStall
                0x08006f5a      0x15a ./Drivers/STM32F1xx_HAL_Driver/Src/stm32f1xx_ll_usb.o
                0x08006f5a                USB_EPClearStall
 .text.USB_SetDevAddress
                0x080070b4       0x26 ./Drivers/STM32F1xx_HAL_Driver/Src/stm32f1xx_ll_usb.o
                0x080070b4                USB_SetDevAddress
 .text.USB_DevConnect
                0x080070da       0x14 ./Drivers/STM32F1xx_HAL_Driver/Src/stm32f1xx_ll_usb.o
                0x080070da                USB_DevConnect
 .text.USB_DevDisconnect
                0x080070ee       0x14 ./Drivers/STM32F1xx_HAL_Driver/Src/stm32f1xx_ll_usb.o
                0x080070ee                USB_DevDisconnect
 .text.USB_ReadInterrupts
                0x08007102       0x1e ./Drivers/STM32F1xx_HAL_Driver/Src/stm32f1xx_ll_usb.o
                0x08007102                USB_ReadInterrupts
 .text.USB_EP0_OutStart
                0x08007120       0x16 ./Drivers/STM32F1xx_HAL_Driver/Src/stm32f1xx_ll_usb.o
                0x08007120                USB_EP0_OutStart
 .text.USB_WritePMA
                0x08007136       0x8a ./Drivers/STM32F1xx_HAL_Driver/Src/stm32f1xx_ll_usb.o
                0x08007136                USB_WritePMA
 .text.USB_ReadPMA
                0x080071c0       0x9e ./Drivers/STM32F1xx_HAL_Driver/Src/stm32f1xx_ll_usb.o
                0x080071c0                USB_ReadPMA
 .text.USBD_CDC_Init
                0x0800725e       0xf4 ./Middlewares/ST/STM32_USB_Device_Library/Class/CDC/Src/usbd_cdc.o
 .text.USBD_CDC_DeInit
                0x08007352       0x6e ./Middlewares/ST/STM32_USB_Device_Library/Class/CDC/Src/usbd_cdc.o
 .text.USBD_CDC_Setup
                0x080073c0      0x146 ./Middlewares/ST/STM32_USB_Device_Library/Class/CDC/Src/usbd_cdc.o
 .text.USBD_CDC_DataIn
                0x08007506       0xa6 ./Middlewares/ST/STM32_USB_Device_Library/Class/CDC/Src/usbd_cdc.o
 .text.USBD_CDC_DataOut
                0x080075ac       0x56 ./Middlewares/ST/STM32_USB_Device_Library/Class/CDC/Src/usbd_cdc.o
 .text.USBD_CDC_EP0_RxReady
                0x08007602       0x4e ./Middlewares/ST/STM32_USB_Device_Library/Class/CDC/Src/usbd_cdc.o
 .text.USBD_CDC_GetFSCfgDesc
                0x08007650       0x20 ./Middlewares/ST/STM32_USB_Device_Library/Class/CDC/Src/usbd_cdc.o
 .text.USBD_CDC_GetHSCfgDesc
                0x08007670       0x20 ./Middlewares/ST/STM32_USB_Device_Library/Class/CDC/Src/usbd_cdc.o
 .text.USBD_CDC_GetOtherSpeedCfgDesc
                0x08007690       0x20 ./Middlewares/ST/STM32_USB_Device_Library/Class/CDC/Src/usbd_cdc.o
 .text.USBD_CDC_GetDeviceQualifierDescriptor
                0x080076b0       0x20 ./Middlewares/ST/STM32_USB_Device_Library/Class/CDC/Src/usbd_cdc.o
                0x080076b0                USBD_CDC_GetDeviceQualifierDescriptor
 .text.USBD_CDC_RegisterInterface
                0x080076d0       0x2c ./Middlewares/ST/STM32_USB_Device_Library/Class/CDC/Src/usbd_cdc.o
                0x080076d0                USBD_CDC_RegisterInterface
 .text.USBD_CDC_SetTxBuffer
                0x080076fc       0x32 ./Middlewares/ST/STM32_USB_Device_Library/Class/CDC/Src/usbd_cdc.o
                0x080076fc                USBD_CDC_SetTxBuffer
 .text.USBD_CDC_SetRxBuffer
                0x0800772e       0x26 ./Middlewares/ST/STM32_USB_Device_Library/Class/CDC/Src/usbd_cdc.o
                0x0800772e                USBD_CDC_SetRxBuffer
 .text.USBD_CDC_TransmitPacket
                0x08007754       0x5e ./Middlewares/ST/STM32_USB_Device_Library/Class/CDC/Src/usbd_cdc.o
                0x08007754                USBD_CDC_TransmitPacket
 .text.USBD_CDC_ReceivePacket
                0x080077b2       0x54 ./Middlewares/ST/STM32_USB_Device_Library/Class/CDC/Src/usbd_cdc.o
                0x080077b2                USBD_CDC_ReceivePacket
 .text.USBD_Init
                0x08007806       0x56 ./Middlewares/ST/STM32_USB_Device_Library/Core/Src/usbd_core.o
                0x08007806                USBD_Init
 .text.USBD_RegisterClass
                0x0800785c       0x32 ./Middlewares/ST/STM32_USB_Device_Library/Core/Src/usbd_core.o
                0x0800785c                USBD_RegisterClass
 .text.USBD_Start
                0x0800788e       0x18 ./Middlewares/ST/STM32_USB_Device_Library/Core/Src/usbd_core.o
                0x0800788e                USBD_Start
 .text.USBD_RunTestMode
                0x080078a6       0x14 ./Middlewares/ST/STM32_USB_Device_Library/Core/Src/usbd_core.o
                0x080078a6                USBD_RunTestMode
 .text.USBD_SetClassConfig
                0x080078ba       0x3e ./Middlewares/ST/STM32_USB_Device_Library/Core/Src/usbd_core.o
                0x080078ba                USBD_SetClassConfig
 .text.USBD_ClrClassConfig
                0x080078f8       0x26 ./Middlewares/ST/STM32_USB_Device_Library/Core/Src/usbd_core.o
                0x080078f8                USBD_ClrClassConfig
 .text.USBD_LL_SetupStage
                0x0800791e       0x9a ./Middlewares/ST/STM32_USB_Device_Library/Core/Src/usbd_core.o
                0x0800791e                USBD_LL_SetupStage
 .text.USBD_LL_DataOutStage
                0x080079b8       0xe2 ./Middlewares/ST/STM32_USB_Device_Library/Core/Src/usbd_core.o
                0x080079b8                USBD_LL_DataOutStage
 .text.USBD_LL_DataInStage
                0x08007a9a      0x14a ./Middlewares/ST/STM32_USB_Device_Library/Core/Src/usbd_core.o
                0x08007a9a                USBD_LL_DataInStage
 .text.USBD_LL_Reset
                0x08007be4       0x82 ./Middlewares/ST/STM32_USB_Device_Library/Core/Src/usbd_core.o
                0x08007be4                USBD_LL_Reset
 .text.USBD_LL_SetSpeed
                0x08007c66       0x1e ./Middlewares/ST/STM32_USB_Device_Library/Core/Src/usbd_core.o
                0x08007c66                USBD_LL_SetSpeed
 .text.USBD_LL_Suspend
                0x08007c84       0x28 ./Middlewares/ST/STM32_USB_Device_Library/Core/Src/usbd_core.o
                0x08007c84                USBD_LL_Suspend
 .text.USBD_LL_Resume
                0x08007cac       0x2a ./Middlewares/ST/STM32_USB_Device_Library/Core/Src/usbd_core.o
                0x08007cac                USBD_LL_Resume
 .text.USBD_LL_SOF
                0x08007cd6       0x34 ./Middlewares/ST/STM32_USB_Device_Library/Core/Src/usbd_core.o
                0x08007cd6                USBD_LL_SOF
 *fill*         0x08007d0a        0x2 
 .text.USBD_StdDevReq
                0x08007d0c       0xd4 ./Middlewares/ST/STM32_USB_Device_Library/Core/Src/usbd_ctlreq.o
                0x08007d0c                USBD_StdDevReq
 .text.USBD_StdItfReq
                0x08007de0       0x90 ./Middlewares/ST/STM32_USB_Device_Library/Core/Src/usbd_ctlreq.o
                0x08007de0                USBD_StdItfReq
 .text.USBD_StdEPReq
                0x08007e70      0x2c6 ./Middlewares/ST/STM32_USB_Device_Library/Core/Src/usbd_ctlreq.o
                0x08007e70                USBD_StdEPReq
 *fill*         0x08008136        0x2 
 .text.USBD_GetDescriptor
                0x08008138      0x2d0 ./Middlewares/ST/STM32_USB_Device_Library/Core/Src/usbd_ctlreq.o
 .text.USBD_SetAddress
                0x08008408       0x86 ./Middlewares/ST/STM32_USB_Device_Library/Core/Src/usbd_ctlreq.o
 *fill*         0x0800848e        0x2 
 .text.USBD_SetConfig
                0x08008490      0x11c ./Middlewares/ST/STM32_USB_Device_Library/Core/Src/usbd_ctlreq.o
 .text.USBD_GetConfig
                0x080085ac       0x6a ./Middlewares/ST/STM32_USB_Device_Library/Core/Src/usbd_ctlreq.o
 .text.USBD_GetStatus
                0x08008616       0x66 ./Middlewares/ST/STM32_USB_Device_Library/Core/Src/usbd_ctlreq.o
 .text.USBD_SetFeature
                0x0800867c       0x28 ./Middlewares/ST/STM32_USB_Device_Library/Core/Src/usbd_ctlreq.o
 .text.USBD_ClrFeature
                0x080086a4       0x42 ./Middlewares/ST/STM32_USB_Device_Library/Core/Src/usbd_ctlreq.o
 .text.USBD_ParseSetupRequest
                0x080086e6       0x72 ./Middlewares/ST/STM32_USB_Device_Library/Core/Src/usbd_ctlreq.o
                0x080086e6                USBD_ParseSetupRequest
 .text.USBD_CtlError
                0x08008758       0x22 ./Middlewares/ST/STM32_USB_Device_Library/Core/Src/usbd_ctlreq.o
                0x08008758                USBD_CtlError
 .text.USBD_GetString
                0x0800877a       0x84 ./Middlewares/ST/STM32_USB_Device_Library/Core/Src/usbd_ctlreq.o
                0x0800877a                USBD_GetString
 .text.USBD_GetLen
                0x080087fe       0x2e ./Middlewares/ST/STM32_USB_Device_Library/Core/Src/usbd_ctlreq.o
 .text.USBD_CtlSendData
                0x0800882c       0x38 ./Middlewares/ST/STM32_USB_Device_Library/Core/Src/usbd_ioreq.o
                0x0800882c                USBD_CtlSendData
 .text.USBD_CtlContinueSendData
                0x08008864       0x24 ./Middlewares/ST/STM32_USB_Device_Library/Core/Src/usbd_ioreq.o
                0x08008864                USBD_CtlContinueSendData
 .text.USBD_CtlPrepareRx
                0x08008888       0x3c ./Middlewares/ST/STM32_USB_Device_Library/Core/Src/usbd_ioreq.o
                0x08008888                USBD_CtlPrepareRx
 .text.USBD_CtlContinueRx
                0x080088c4       0x24 ./Middlewares/ST/STM32_USB_Device_Library/Core/Src/usbd_ioreq.o
                0x080088c4                USBD_CtlContinueRx
 .text.USBD_CtlSendStatus
                0x080088e8       0x26 ./Middlewares/ST/STM32_USB_Device_Library/Core/Src/usbd_ioreq.o
                0x080088e8                USBD_CtlSendStatus
 .text.USBD_CtlReceiveStatus
                0x0800890e       0x26 ./Middlewares/ST/STM32_USB_Device_Library/Core/Src/usbd_ioreq.o
                0x0800890e                USBD_CtlReceiveStatus
 .text.MX_USB_DEVICE_Init
                0x08008934       0x60 ./USB_DEVICE/App/usb_device.o
                0x08008934                MX_USB_DEVICE_Init
 .text.CDC_Init_FS
                0x08008994       0x28 ./USB_DEVICE/App/usbd_cdc_if.o
 .text.CDC_DeInit_FS
                0x080089bc        0xe ./USB_DEVICE/App/usbd_cdc_if.o
 *fill*         0x080089ca        0x2 
 .text.CDC_Control_FS
                0x080089cc       0xbc ./USB_DEVICE/App/usbd_cdc_if.o
 .text.CDC_Receive_FS
                0x08008a88       0x28 ./USB_DEVICE/App/usbd_cdc_if.o
 .text.CDC_Transmit_FS
                0x08008ab0       0x4c ./USB_DEVICE/App/usbd_cdc_if.o
                0x08008ab0                CDC_Transmit_FS
 .text.USBD_FS_DeviceDescriptor
                0x08008afc       0x24 ./USB_DEVICE/App/usbd_desc.o
                0x08008afc                USBD_FS_DeviceDescriptor
 .text.USBD_FS_LangIDStrDescriptor
                0x08008b20       0x24 ./USB_DEVICE/App/usbd_desc.o
                0x08008b20                USBD_FS_LangIDStrDescriptor
 .text.USBD_FS_ProductStrDescriptor
                0x08008b44       0x3c ./USB_DEVICE/App/usbd_desc.o
                0x08008b44                USBD_FS_ProductStrDescriptor
 .text.USBD_FS_ManufacturerStrDescriptor
                0x08008b80       0x28 ./USB_DEVICE/App/usbd_desc.o
                0x08008b80                USBD_FS_ManufacturerStrDescriptor
 .text.USBD_FS_SerialStrDescriptor
                0x08008ba8       0x24 ./USB_DEVICE/App/usbd_desc.o
                0x08008ba8                USBD_FS_SerialStrDescriptor
 .text.USBD_FS_ConfigStrDescriptor
                0x08008bcc       0x3c ./USB_DEVICE/App/usbd_desc.o
                0x08008bcc                USBD_FS_ConfigStrDescriptor
 .text.USBD_FS_InterfaceStrDescriptor
                0x08008c08       0x3c ./USB_DEVICE/App/usbd_desc.o
                0x08008c08                USBD_FS_InterfaceStrDescriptor
 .text.Get_SerialNum
                0x08008c44       0x38 ./USB_DEVICE/App/usbd_desc.o
 .text.IntToUnicode
                0x08008c7c       0x7c ./USB_DEVICE/App/usbd_desc.o
 .text.HAL_PCD_MspInit
                0x08008cf8       0x4c ./USB_DEVICE/Target/usbd_conf.o
                0x08008cf8                HAL_PCD_MspInit
 .text.HAL_PCD_SetupStageCallback
                0x08008d44       0x24 ./USB_DEVICE/Target/usbd_conf.o
                0x08008d44                HAL_PCD_SetupStageCallback
 .text.HAL_PCD_DataOutStageCallback
                0x08008d68       0x36 ./USB_DEVICE/Target/usbd_conf.o
                0x08008d68                HAL_PCD_DataOutStageCallback
 .text.HAL_PCD_DataInStageCallback
                0x08008d9e       0x34 ./USB_DEVICE/Target/usbd_conf.o
                0x08008d9e                HAL_PCD_DataInStageCallback
 .text.HAL_PCD_SOFCallback
                0x08008dd2       0x1c ./USB_DEVICE/Target/usbd_conf.o
                0x08008dd2                HAL_PCD_SOFCallback
 .text.HAL_PCD_ResetCallback
                0x08008dee       0x3c ./USB_DEVICE/Target/usbd_conf.o
                0x08008dee                HAL_PCD_ResetCallback
 *fill*         0x08008e2a        0x2 
 .text.HAL_PCD_SuspendCallback
                0x08008e2c       0x34 ./USB_DEVICE/Target/usbd_conf.o
                0x08008e2c                HAL_PCD_SuspendCallback
 .text.HAL_PCD_ResumeCallback
                0x08008e60       0x1c ./USB_DEVICE/Target/usbd_conf.o
                0x08008e60                HAL_PCD_ResumeCallback
 .text.USBD_LL_Init
                0x08008e7c       0xb4 ./USB_DEVICE/Target/usbd_conf.o
                0x08008e7c                USBD_LL_Init
 .text.USBD_LL_Start
                0x08008f30       0x36 ./USB_DEVICE/Target/usbd_conf.o
                0x08008f30                USBD_LL_Start
 .text.USBD_LL_OpenEP
                0x08008f66       0x4c ./USB_DEVICE/Target/usbd_conf.o
                0x08008f66                USBD_LL_OpenEP
 .text.USBD_LL_CloseEP
                0x08008fb2       0x3e ./USB_DEVICE/Target/usbd_conf.o
                0x08008fb2                USBD_LL_CloseEP
 .text.USBD_LL_StallEP
                0x08008ff0       0x3e ./USB_DEVICE/Target/usbd_conf.o
                0x08008ff0                USBD_LL_StallEP
 .text.USBD_LL_ClearStallEP
                0x0800902e       0x3e ./USB_DEVICE/Target/usbd_conf.o
                0x0800902e                USBD_LL_ClearStallEP
 .text.USBD_LL_IsStallEP
                0x0800906c       0x58 ./USB_DEVICE/Target/usbd_conf.o
                0x0800906c                USBD_LL_IsStallEP
 .text.USBD_LL_SetUSBAddress
                0x080090c4       0x3e ./USB_DEVICE/Target/usbd_conf.o
                0x080090c4                USBD_LL_SetUSBAddress
 .text.USBD_LL_Transmit
                0x08009102       0x46 ./USB_DEVICE/Target/usbd_conf.o
                0x08009102                USBD_LL_Transmit
 .text.USBD_LL_PrepareReceive
                0x08009148       0x46 ./USB_DEVICE/Target/usbd_conf.o
                0x08009148                USBD_LL_PrepareReceive
 .text.USBD_LL_GetRxDataSize
                0x0800918e       0x26 ./USB_DEVICE/Target/usbd_conf.o
                0x0800918e                USBD_LL_GetRxDataSize
 .text.USBD_static_malloc
                0x080091b4       0x18 ./USB_DEVICE/Target/usbd_conf.o
                0x080091b4                USBD_static_malloc
 .text.USBD_static_free
                0x080091cc       0x12 ./USB_DEVICE/Target/usbd_conf.o
                0x080091cc                USBD_static_free
 .text.HAL_PCDEx_SetConnectionState
                0x080091de       0x16 ./USB_DEVICE/Target/usbd_conf.o
                0x080091de                HAL_PCDEx_SetConnectionState
 .text.USBD_Get_USB_Status
                0x080091f4       0x58 ./USB_DEVICE/Target/usbd_conf.o
 .text.memset   0x0800924c       0x10 /Applications/STM32CubeIDE.app/Contents/Eclipse/plugins/com.st.stm32cube.ide.mcu.externaltools.gnu-tools-for-stm32.12.3.rel1.macos64_1.0.100.202403111906/tools/bin/../lib/gcc/arm-none-eabi/12.3.1/../../../../arm-none-eabi/lib/thumb/v7-m/nofp/libc_nano.a(libc_a-memset.o)
                0x0800924c                memset
 .text.__libc_init_array
                0x0800925c       0x48 /Applications/STM32CubeIDE.app/Contents/Eclipse/plugins/com.st.stm32cube.ide.mcu.externaltools.gnu-tools-for-stm32.12.3.rel1.macos64_1.0.100.202403111906/tools/bin/../lib/gcc/arm-none-eabi/12.3.1/../../../../arm-none-eabi/lib/thumb/v7-m/nofp/libc_nano.a(libc_a-init.o)
                0x0800925c                __libc_init_array
 *(.glue_7)
 .glue_7        0x080092a4        0x0 linker stubs
 *(.glue_7t)
 .glue_7t       0x080092a4        0x0 linker stubs
 *(.eh_frame)
 .eh_frame      0x080092a4        0x0 /Applications/STM32CubeIDE.app/Contents/Eclipse/plugins/com.st.stm32cube.ide.mcu.externaltools.gnu-tools-for-stm32.12.3.rel1.macos64_1.0.100.202403111906/tools/bin/../lib/gcc/arm-none-eabi/12.3.1/thumb/v7-m/nofp/crtbegin.o
 *(.init)
 .init          0x080092a4        0x4 /Applications/STM32CubeIDE.app/Contents/Eclipse/plugins/com.st.stm32cube.ide.mcu.externaltools.gnu-tools-for-stm32.12.3.rel1.macos64_1.0.100.202403111906/tools/bin/../lib/gcc/arm-none-eabi/12.3.1/thumb/v7-m/nofp/crti.o
                0x080092a4                _init
 .init          0x080092a8        0x8 /Applications/STM32CubeIDE.app/Contents/Eclipse/plugins/com.st.stm32cube.ide.mcu.externaltools.gnu-tools-for-stm32.12.3.rel1.macos64_1.0.100.202403111906/tools/bin/../lib/gcc/arm-none-eabi/12.3.1/thumb/v7-m/nofp/crtn.o
 *(.fini)
 .fini          0x080092b0        0x4 /Applications/STM32CubeIDE.app/Contents/Eclipse/plugins/com.st.stm32cube.ide.mcu.externaltools.gnu-tools-for-stm32.12.3.rel1.macos64_1.0.100.202403111906/tools/bin/../lib/gcc/arm-none-eabi/12.3.1/thumb/v7-m/nofp/crti.o
                0x080092b0                _fini
 .fini          0x080092b4        0x8 /Applications/STM32CubeIDE.app/Contents/Eclipse/plugins/com.st.stm32cube.ide.mcu.externaltools.gnu-tools-for-stm32.12.3.rel1.macos64_1.0.100.202403111906/tools/bin/../lib/gcc/arm-none-eabi/12.3.1/thumb/v7-m/nofp/crtn.o
                0x080092bc                        . = ALIGN (0x4)
                0x080092bc                        _etext = .

.vfp11_veneer   0x080092bc        0x0
 .vfp11_veneer  0x080092bc        0x0 linker stubs

.v4_bx          0x080092bc        0x0
 .v4_bx         0x080092bc        0x0 linker stubs

.iplt           0x080092bc        0x0
 .iplt          0x080092bc        0x0 /Applications/STM32CubeIDE.app/Contents/Eclipse/plugins/com.st.stm32cube.ide.mcu.externaltools.gnu-tools-for-stm32.12.3.rel1.macos64_1.0.100.202403111906/tools/bin/../lib/gcc/arm-none-eabi/12.3.1/thumb/v7-m/nofp/crtbegin.o

.rodata         0x080092bc       0x80
                0x080092bc                        . = ALIGN (0x4)
 *(.rodata)
 .rodata        0x080092bc       0x13 ./Core/Src/main.o
 *fill*         0x080092cf        0x1 
 .rodata        0x080092d0       0x46 ./USB_DEVICE/App/usbd_desc.o
 *(.rodata*)
 *fill*         0x08009316        0x2 
 .rodata.AHBPrescTable
                0x08009318       0x10 ./Core/Src/system_stm32f1xx.o
                0x08009318                AHBPrescTable
 .rodata.aPLLMULFactorTable.1
                0x08009328       0x10 ./Drivers/STM32F1xx_HAL_Driver/Src/stm32f1xx_hal_rcc.o
 .rodata.aPredivFactorTable.0
                0x08009338        0x2 ./Drivers/STM32F1xx_HAL_Driver/Src/stm32f1xx_hal_rcc.o
                0x0800933c                        . = ALIGN (0x4)
 *fill*         0x0800933a        0x2 

.ARM.extab      0x0800933c        0x0
                0x0800933c                        . = ALIGN (0x4)
 *(.ARM.extab* .gnu.linkonce.armextab.*)
                0x0800933c                        . = ALIGN (0x4)

.ARM            0x0800933c        0x0
                0x0800933c                        . = ALIGN (0x4)
                0x0800933c                        __exidx_start = .
 *(.ARM.exidx*)
                0x0800933c                        __exidx_end = .
                0x0800933c                        . = ALIGN (0x4)

.preinit_array  0x0800933c        0x0
                0x0800933c                        . = ALIGN (0x4)
                0x0800933c                        PROVIDE (__preinit_array_start = .)
 *(.preinit_array*)
                0x0800933c                        PROVIDE (__preinit_array_end = .)
                0x0800933c                        . = ALIGN (0x4)

.init_array     0x0800933c        0x4
                0x0800933c                        . = ALIGN (0x4)
                0x0800933c                        PROVIDE (__init_array_start = .)
 *(SORT_BY_NAME(.init_array.*))
 *(.init_array*)
 .init_array    0x0800933c        0x4 /Applications/STM32CubeIDE.app/Contents/Eclipse/plugins/com.st.stm32cube.ide.mcu.externaltools.gnu-tools-for-stm32.12.3.rel1.macos64_1.0.100.202403111906/tools/bin/../lib/gcc/arm-none-eabi/12.3.1/thumb/v7-m/nofp/crtbegin.o
                0x08009340                        PROVIDE (__init_array_end = .)
                0x08009340                        . = ALIGN (0x4)

.fini_array     0x08009340        0x4
                0x08009340                        . = ALIGN (0x4)
                [!provide]                        PROVIDE (__fini_array_start = .)
 *(SORT_BY_NAME(.fini_array.*))
 *(.fini_array*)
 .fini_array    0x08009340        0x4 /Applications/STM32CubeIDE.app/Contents/Eclipse/plugins/com.st.stm32cube.ide.mcu.externaltools.gnu-tools-for-stm32.12.3.rel1.macos64_1.0.100.202403111906/tools/bin/../lib/gcc/arm-none-eabi/12.3.1/thumb/v7-m/nofp/crtbegin.o
                [!provide]                        PROVIDE (__fini_array_end = .)
                0x08009344                        . = ALIGN (0x4)
                0x08009344                        _sidata = LOADADDR (.data)

.rel.dyn        0x08009344        0x0
 .rel.iplt      0x08009344        0x0 /Applications/STM32CubeIDE.app/Contents/Eclipse/plugins/com.st.stm32cube.ide.mcu.externaltools.gnu-tools-for-stm32.12.3.rel1.macos64_1.0.100.202403111906/tools/bin/../lib/gcc/arm-none-eabi/12.3.1/thumb/v7-m/nofp/crtbegin.o

.data           0x20000000      0x17c load address 0x08009344
                0x20000000                        . = ALIGN (0x4)
                0x20000000                        _sdata = .
 *(.data)
 *(.data*)
 .data.SystemCoreClock
                0x20000000        0x4 ./Core/Src/system_stm32f1xx.o
                0x20000000                SystemCoreClock
 .data.uwTickPrio
                0x20000004        0x4 ./Drivers/STM32F1xx_HAL_Driver/Src/stm32f1xx_hal.o
                0x20000004                uwTickPrio
 .data.uwTickFreq
                0x20000008        0x1 ./Drivers/STM32F1xx_HAL_Driver/Src/stm32f1xx_hal.o
                0x20000008                uwTickFreq
 *fill*         0x20000009        0x3 
 .data.USBD_CDC_DeviceQualifierDesc
                0x2000000c        0xa ./Middlewares/ST/STM32_USB_Device_Library/Class/CDC/Src/usbd_cdc.o
 *fill*         0x20000016        0x2 
 .data.USBD_CDC
                0x20000018       0x38 ./Middlewares/ST/STM32_USB_Device_Library/Class/CDC/Src/usbd_cdc.o
                0x20000018                USBD_CDC
 .data.USBD_CDC_CfgHSDesc
                0x20000050       0x43 ./Middlewares/ST/STM32_USB_Device_Library/Class/CDC/Src/usbd_cdc.o
                0x20000050                USBD_CDC_CfgHSDesc
 *fill*         0x20000093        0x1 
 .data.USBD_CDC_CfgFSDesc
                0x20000094       0x43 ./Middlewares/ST/STM32_USB_Device_Library/Class/CDC/Src/usbd_cdc.o
                0x20000094                USBD_CDC_CfgFSDesc
 *fill*         0x200000d7        0x1 
 .data.USBD_CDC_OtherSpeedCfgDesc
                0x200000d8       0x43 ./Middlewares/ST/STM32_USB_Device_Library/Class/CDC/Src/usbd_cdc.o
                0x200000d8                USBD_CDC_OtherSpeedCfgDesc
 *fill*         0x2000011b        0x1 
 .data.USBD_Interface_fops_FS
                0x2000011c       0x10 ./USB_DEVICE/App/usbd_cdc_if.o
                0x2000011c                USBD_Interface_fops_FS
 .data.FS_Desc  0x2000012c       0x1c ./USB_DEVICE/App/usbd_desc.o
                0x2000012c                FS_Desc
 .data.USBD_FS_DeviceDesc
                0x20000148       0x12 ./USB_DEVICE/App/usbd_desc.o
                0x20000148                USBD_FS_DeviceDesc
 *fill*         0x2000015a        0x2 
 .data.USBD_LangIDDesc
                0x2000015c        0x4 ./USB_DEVICE/App/usbd_desc.o
                0x2000015c                USBD_LangIDDesc
 .data.USBD_StringSerial
                0x20000160       0x1a ./USB_DEVICE/App/usbd_desc.o
                0x20000160                USBD_StringSerial
 *(.RamFunc)
 *(.RamFunc*)
                0x2000017c                        . = ALIGN (0x4)
 *fill*         0x2000017a        0x2 
                0x2000017c                        _edata = .

.igot.plt       0x2000017c        0x0 load address 0x080094c0
 .igot.plt      0x2000017c        0x0 /Applications/STM32CubeIDE.app/Contents/Eclipse/plugins/com.st.stm32cube.ide.mcu.externaltools.gnu-tools-for-stm32.12.3.rel1.macos64_1.0.100.202403111906/tools/bin/../lib/gcc/arm-none-eabi/12.3.1/thumb/v7-m/nofp/crtbegin.o
                0x2000017c                        . = ALIGN (0x4)

.bss            0x2000017c     0x1388 load address 0x080094c0
                0x2000017c                        _sbss = .
                0x2000017c                        __bss_start__ = _sbss
 *(.bss)
 .bss           0x2000017c       0x1c /Applications/STM32CubeIDE.app/Contents/Eclipse/plugins/com.st.stm32cube.ide.mcu.externaltools.gnu-tools-for-stm32.12.3.rel1.macos64_1.0.100.202403111906/tools/bin/../lib/gcc/arm-none-eabi/12.3.1/thumb/v7-m/nofp/crtbegin.o
 *(.bss*)
 .bss.counter1  0x20000198        0x4 ./Core/Src/main.o
                0x20000198                counter1
 .bss.count1    0x2000019c        0x2 ./Core/Src/main.o
                0x2000019c                count1
 *fill*         0x2000019e        0x2 
 .bss.counter2  0x200001a0        0x4 ./Core/Src/main.o
                0x200001a0                counter2
 .bss.count2    0x200001a4        0x2 ./Core/Src/main.o
                0x200001a4                count2
 *fill*         0x200001a6        0x2 
 .bss.counter3  0x200001a8        0x4 ./Core/Src/main.o
                0x200001a8                counter3
 .bss.count3    0x200001ac        0x2 ./Core/Src/main.o
                0x200001ac                count3
 *fill*         0x200001ae        0x2 
 .bss.hspi1     0x200001b0       0x58 ./Core/Src/spi.o
                0x200001b0                hspi1
 .bss.htim1     0x20000208       0x48 ./Core/Src/tim.o
                0x20000208                htim1
 .bss.htim2     0x20000250       0x48 ./Core/Src/tim.o
                0x20000250                htim2
 .bss.htim3     0x20000298       0x48 ./Core/Src/tim.o
                0x20000298                htim3
 .bss.htim4     0x200002e0       0x48 ./Core/Src/tim.o
                0x200002e0                htim4
 .bss.uwTick    0x20000328        0x4 ./Drivers/STM32F1xx_HAL_Driver/Src/stm32f1xx_hal.o
                0x20000328                uwTick
 .bss.cfgidx.0  0x2000032c        0x1 ./Middlewares/ST/STM32_USB_Device_Library/Core/Src/usbd_ctlreq.o
 *fill*         0x2000032d        0x3 
 .bss.hUsbDeviceFS
                0x20000330      0x2c4 ./USB_DEVICE/App/usb_device.o
                0x20000330                hUsbDeviceFS
 .bss.UserRxBufferFS
                0x200005f4      0x400 ./USB_DEVICE/App/usbd_cdc_if.o
                0x200005f4                UserRxBufferFS
 .bss.UserTxBufferFS
                0x200009f4      0x400 ./USB_DEVICE/App/usbd_cdc_if.o
                0x200009f4                UserTxBufferFS
 .bss.USBD_StrDesc
                0x20000df4      0x200 ./USB_DEVICE/App/usbd_desc.o
                0x20000df4                USBD_StrDesc
 .bss.hpcd_USB_FS
                0x20000ff4      0x2f0 ./USB_DEVICE/Target/usbd_conf.o
                0x20000ff4                hpcd_USB_FS
 .bss.mem.0     0x200012e4      0x220 ./USB_DEVICE/Target/usbd_conf.o
 *(COMMON)
                0x20001504                        . = ALIGN (0x4)
                0x20001504                        _ebss = .
                0x20001504                        __bss_end__ = _ebss

._user_heap_stack
                0x20001504      0x604 load address 0x080094c0
                0x20001508                        . = ALIGN (0x8)
 *fill*         0x20001504        0x4 
                [!provide]                        PROVIDE (end = .)
                0x20001508                        PROVIDE (_end = .)
                0x20001708                        . = (. + _Min_Heap_Size)
 *fill*         0x20001508      0x200 
                0x20001b08                        . = (. + _Min_Stack_Size)
 *fill*         0x20001708      0x400 
                0x20001b08                        . = ALIGN (0x8)

/DISCARD/
 libc.a(*)
 libm.a(*)
 libgcc.a(*)

.ARM.attributes
                0x00000000       0x29
 *(.ARM.attributes)
 .ARM.attributes
                0x00000000       0x1d /Applications/STM32CubeIDE.app/Contents/Eclipse/plugins/com.st.stm32cube.ide.mcu.externaltools.gnu-tools-for-stm32.12.3.rel1.macos64_1.0.100.202403111906/tools/bin/../lib/gcc/arm-none-eabi/12.3.1/thumb/v7-m/nofp/crti.o
 .ARM.attributes
                0x0000001d       0x2d /Applications/STM32CubeIDE.app/Contents/Eclipse/plugins/com.st.stm32cube.ide.mcu.externaltools.gnu-tools-for-stm32.12.3.rel1.macos64_1.0.100.202403111906/tools/bin/../lib/gcc/arm-none-eabi/12.3.1/thumb/v7-m/nofp/crtbegin.o
 .ARM.attributes
                0x0000004a       0x2d ./Core/Src/gpio.o
 .ARM.attributes
                0x00000077       0x2d ./Core/Src/main.o
 .ARM.attributes
                0x000000a4       0x2d ./Core/Src/spi.o
 .ARM.attributes
                0x000000d1       0x2d ./Core/Src/stm32f1xx_hal_msp.o
 .ARM.attributes
                0x000000fe       0x2d ./Core/Src/stm32f1xx_it.o
 .ARM.attributes
                0x0000012b       0x2d ./Core/Src/system_stm32f1xx.o
 .ARM.attributes
                0x00000158       0x2d ./Core/Src/tim.o
 .ARM.attributes
                0x00000185       0x21 ./Core/Startup/startup_stm32f103c8tx.o
 .ARM.attributes
                0x000001a6       0x2d ./Drivers/STM32F1xx_HAL_Driver/Src/stm32f1xx_hal.o
 .ARM.attributes
                0x000001d3       0x2d ./Drivers/STM32F1xx_HAL_Driver/Src/stm32f1xx_hal_cortex.o
 .ARM.attributes
                0x00000200       0x2d ./Drivers/STM32F1xx_HAL_Driver/Src/stm32f1xx_hal_gpio.o
 .ARM.attributes
                0x0000022d       0x2d ./Drivers/STM32F1xx_HAL_Driver/Src/stm32f1xx_hal_pcd.o
 .ARM.attributes
                0x0000025a       0x2d ./Drivers/STM32F1xx_HAL_Driver/Src/stm32f1xx_hal_pcd_ex.o
 .ARM.attributes
                0x00000287       0x2d ./Drivers/STM32F1xx_HAL_Driver/Src/stm32f1xx_hal_rcc.o
 .ARM.attributes
                0x000002b4       0x2d ./Drivers/STM32F1xx_HAL_Driver/Src/stm32f1xx_hal_rcc_ex.o
 .ARM.attributes
                0x000002e1       0x2d ./Drivers/STM32F1xx_HAL_Driver/Src/stm32f1xx_hal_spi.o
 .ARM.attributes
                0x0000030e       0x2d ./Drivers/STM32F1xx_HAL_Driver/Src/stm32f1xx_hal_tim.o
 .ARM.attributes
                0x0000033b       0x2d ./Drivers/STM32F1xx_HAL_Driver/Src/stm32f1xx_hal_tim_ex.o
 .ARM.attributes
                0x00000368       0x2d ./Drivers/STM32F1xx_HAL_Driver/Src/stm32f1xx_ll_usb.o
 .ARM.attributes
                0x00000395       0x2d ./Middlewares/ST/STM32_USB_Device_Library/Class/CDC/Src/usbd_cdc.o
 .ARM.attributes
                0x000003c2       0x2d ./Middlewares/ST/STM32_USB_Device_Library/Core/Src/usbd_core.o
 .ARM.attributes
                0x000003ef       0x2d ./Middlewares/ST/STM32_USB_Device_Library/Core/Src/usbd_ctlreq.o
 .ARM.attributes
                0x0000041c       0x2d ./Middlewares/ST/STM32_USB_Device_Library/Core/Src/usbd_ioreq.o
 .ARM.attributes
                0x00000449       0x2d ./USB_DEVICE/App/usb_device.o
 .ARM.attributes
                0x00000476       0x2d ./USB_DEVICE/App/usbd_cdc_if.o
 .ARM.attributes
                0x000004a3       0x2d ./USB_DEVICE/App/usbd_desc.o
 .ARM.attributes
                0x000004d0       0x2d ./USB_DEVICE/Target/usbd_conf.o
 .ARM.attributes
                0x000004fd       0x2d /Applications/STM32CubeIDE.app/Contents/Eclipse/plugins/com.st.stm32cube.ide.mcu.externaltools.gnu-tools-for-stm32.12.3.rel1.macos64_1.0.100.202403111906/tools/bin/../lib/gcc/arm-none-eabi/12.3.1/../../../../arm-none-eabi/lib/thumb/v7-m/nofp/libc_nano.a(libc_a-memset.o)
 .ARM.attributes
                0x0000052a       0x2d /Applications/STM32CubeIDE.app/Contents/Eclipse/plugins/com.st.stm32cube.ide.mcu.externaltools.gnu-tools-for-stm32.12.3.rel1.macos64_1.0.100.202403111906/tools/bin/../lib/gcc/arm-none-eabi/12.3.1/../../../../arm-none-eabi/lib/thumb/v7-m/nofp/libc_nano.a(libc_a-init.o)
 .ARM.attributes
                0x00000557       0x1d /Applications/STM32CubeIDE.app/Contents/Eclipse/plugins/com.st.stm32cube.ide.mcu.externaltools.gnu-tools-for-stm32.12.3.rel1.macos64_1.0.100.202403111906/tools/bin/../lib/gcc/arm-none-eabi/12.3.1/thumb/v7-m/nofp/crtn.o
OUTPUT(OxygenDeliveryRobotFW.elf elf32-littlearm)
LOAD linker stubs
LOAD /Applications/STM32CubeIDE.app/Contents/Eclipse/plugins/com.st.stm32cube.ide.mcu.externaltools.gnu-tools-for-stm32.12.3.rel1.macos64_1.0.100.202403111906/tools/bin/../lib/gcc/arm-none-eabi/12.3.1/../../../../arm-none-eabi/lib/thumb/v7-m/nofp/libc.a
LOAD /Applications/STM32CubeIDE.app/Contents/Eclipse/plugins/com.st.stm32cube.ide.mcu.externaltools.gnu-tools-for-stm32.12.3.rel1.macos64_1.0.100.202403111906/tools/bin/../lib/gcc/arm-none-eabi/12.3.1/../../../../arm-none-eabi/lib/thumb/v7-m/nofp/libm.a
LOAD /Applications/STM32CubeIDE.app/Contents/Eclipse/plugins/com.st.stm32cube.ide.mcu.externaltools.gnu-tools-for-stm32.12.3.rel1.macos64_1.0.100.202403111906/tools/bin/../lib/gcc/arm-none-eabi/12.3.1/thumb/v7-m/nofp/libgcc.a

.debug_info     0x00000000    0x1373f
 .debug_info    0x00000000      0x432 ./Core/Src/gpio.o
 .debug_info    0x00000432      0xbe2 ./Core/Src/main.o
 .debug_info    0x00001014      0x7b2 ./Core/Src/spi.o
 .debug_info    0x000017c6      0x1f1 ./Core/Src/stm32f1xx_hal_msp.o
 .debug_info    0x000019b7      0xbc6 ./Core/Src/stm32f1xx_it.o
 .debug_info    0x0000257d      0x222 ./Core/Src/system_stm32f1xx.o
 .debug_info    0x0000279f      0xf97 ./Core/Src/tim.o
 .debug_info    0x00003736       0x30 ./Core/Startup/startup_stm32f103c8tx.o
 .debug_info    0x00003766      0x704 ./Drivers/STM32F1xx_HAL_Driver/Src/stm32f1xx_hal.o
 .debug_info    0x00003e6a      0xa87 ./Drivers/STM32F1xx_HAL_Driver/Src/stm32f1xx_hal_cortex.o
 .debug_info    0x000048f1      0x5ab ./Drivers/STM32F1xx_HAL_Driver/Src/stm32f1xx_hal_gpio.o
 .debug_info    0x00004e9c     0x16cf ./Drivers/STM32F1xx_HAL_Driver/Src/stm32f1xx_hal_pcd.o
 .debug_info    0x0000656b      0x6b6 ./Drivers/STM32F1xx_HAL_Driver/Src/stm32f1xx_hal_pcd_ex.o
 .debug_info    0x00006c21      0x7d5 ./Drivers/STM32F1xx_HAL_Driver/Src/stm32f1xx_hal_rcc.o
 .debug_info    0x000073f6      0x3c0 ./Drivers/STM32F1xx_HAL_Driver/Src/stm32f1xx_hal_rcc_ex.o
 .debug_info    0x000077b6     0x1503 ./Drivers/STM32F1xx_HAL_Driver/Src/stm32f1xx_hal_spi.o
 .debug_info    0x00008cb9     0x293b ./Drivers/STM32F1xx_HAL_Driver/Src/stm32f1xx_hal_tim.o
 .debug_info    0x0000b5f4     0x149b ./Drivers/STM32F1xx_HAL_Driver/Src/stm32f1xx_hal_tim_ex.o
 .debug_info    0x0000ca8f     0x17a2 ./Drivers/STM32F1xx_HAL_Driver/Src/stm32f1xx_ll_usb.o
 .debug_info    0x0000e231     0x1036 ./Middlewares/ST/STM32_USB_Device_Library/Class/CDC/Src/usbd_cdc.o
 .debug_info    0x0000f267      0xa52 ./Middlewares/ST/STM32_USB_Device_Library/Core/Src/usbd_core.o
 .debug_info    0x0000fcb9      0x91c ./Middlewares/ST/STM32_USB_Device_Library/Core/Src/usbd_ctlreq.o
 .debug_info    0x000105d5      0x6a0 ./Middlewares/ST/STM32_USB_Device_Library/Core/Src/usbd_ioreq.o
 .debug_info    0x00010c75      0x63d ./USB_DEVICE/App/usb_device.o
 .debug_info    0x000112b2      0x7ec ./USB_DEVICE/App/usbd_cdc_if.o
 .debug_info    0x00011a9e      0x44a ./USB_DEVICE/App/usbd_desc.o
 .debug_info    0x00011ee8     0x1857 ./USB_DEVICE/Target/usbd_conf.o

.debug_abbrev   0x00000000     0x378d
 .debug_abbrev  0x00000000      0x161 ./Core/Src/gpio.o
 .debug_abbrev  0x00000161      0x28c ./Core/Src/main.o
 .debug_abbrev  0x000003ed      0x1e0 ./Core/Src/spi.o
 .debug_abbrev  0x000005cd       0xdb ./Core/Src/stm32f1xx_hal_msp.o
 .debug_abbrev  0x000006a8      0x1f4 ./Core/Src/stm32f1xx_it.o
 .debug_abbrev  0x0000089c      0x13f ./Core/Src/system_stm32f1xx.o
 .debug_abbrev  0x000009db      0x2bd ./Core/Src/tim.o
 .debug_abbrev  0x00000c98       0x24 ./Core/Startup/startup_stm32f103c8tx.o
 .debug_abbrev  0x00000cbc      0x201 ./Drivers/STM32F1xx_HAL_Driver/Src/stm32f1xx_hal.o
 .debug_abbrev  0x00000ebd      0x2f8 ./Drivers/STM32F1xx_HAL_Driver/Src/stm32f1xx_hal_cortex.o
 .debug_abbrev  0x000011b5      0x1ca ./Drivers/STM32F1xx_HAL_Driver/Src/stm32f1xx_hal_gpio.o
 .debug_abbrev  0x0000137f      0x2d6 ./Drivers/STM32F1xx_HAL_Driver/Src/stm32f1xx_hal_pcd.o
 .debug_abbrev  0x00001655      0x189 ./Drivers/STM32F1xx_HAL_Driver/Src/stm32f1xx_hal_pcd_ex.o
 .debug_abbrev  0x000017de      0x2b3 ./Drivers/STM32F1xx_HAL_Driver/Src/stm32f1xx_hal_rcc.o
 .debug_abbrev  0x00001a91      0x188 ./Drivers/STM32F1xx_HAL_Driver/Src/stm32f1xx_hal_rcc_ex.o
 .debug_abbrev  0x00001c19      0x284 ./Drivers/STM32F1xx_HAL_Driver/Src/stm32f1xx_hal_spi.o
 .debug_abbrev  0x00001e9d      0x277 ./Drivers/STM32F1xx_HAL_Driver/Src/stm32f1xx_hal_tim.o
 .debug_abbrev  0x00002114      0x282 ./Drivers/STM32F1xx_HAL_Driver/Src/stm32f1xx_hal_tim_ex.o
 .debug_abbrev  0x00002396      0x1de ./Drivers/STM32F1xx_HAL_Driver/Src/stm32f1xx_ll_usb.o
 .debug_abbrev  0x00002574      0x2d3 ./Middlewares/ST/STM32_USB_Device_Library/Class/CDC/Src/usbd_cdc.o
 .debug_abbrev  0x00002847      0x24a ./Middlewares/ST/STM32_USB_Device_Library/Core/Src/usbd_core.o
 .debug_abbrev  0x00002a91      0x26b ./Middlewares/ST/STM32_USB_Device_Library/Core/Src/usbd_ctlreq.o
 .debug_abbrev  0x00002cfc      0x192 ./Middlewares/ST/STM32_USB_Device_Library/Core/Src/usbd_ioreq.o
 .debug_abbrev  0x00002e8e      0x18d ./USB_DEVICE/App/usb_device.o
 .debug_abbrev  0x0000301b      0x25d ./USB_DEVICE/App/usbd_cdc_if.o
 .debug_abbrev  0x00003278      0x1ff ./USB_DEVICE/App/usbd_desc.o
 .debug_abbrev  0x00003477      0x316 ./USB_DEVICE/Target/usbd_conf.o

.debug_aranges  0x00000000     0x1260
 .debug_aranges
                0x00000000       0x20 ./Core/Src/gpio.o
 .debug_aranges
                0x00000020       0x50 ./Core/Src/main.o
 .debug_aranges
                0x00000070       0x30 ./Core/Src/spi.o
 .debug_aranges
                0x000000a0       0x20 ./Core/Src/stm32f1xx_hal_msp.o
 .debug_aranges
                0x000000c0       0x88 ./Core/Src/stm32f1xx_it.o
 .debug_aranges
                0x00000148       0x28 ./Core/Src/system_stm32f1xx.o
 .debug_aranges
                0x00000170       0x60 ./Core/Src/tim.o
 .debug_aranges
                0x000001d0       0x28 ./Core/Startup/startup_stm32f103c8tx.o
 .debug_aranges
                0x000001f8       0xe0 ./Drivers/STM32F1xx_HAL_Driver/Src/stm32f1xx_hal.o
 .debug_aranges
                0x000002d8      0x100 ./Drivers/STM32F1xx_HAL_Driver/Src/stm32f1xx_hal_cortex.o
 .debug_aranges
                0x000003d8       0x58 ./Drivers/STM32F1xx_HAL_Driver/Src/stm32f1xx_hal_gpio.o
 .debug_aranges
                0x00000430      0x140 ./Drivers/STM32F1xx_HAL_Driver/Src/stm32f1xx_hal_pcd.o
 .debug_aranges
                0x00000570       0x38 ./Drivers/STM32F1xx_HAL_Driver/Src/stm32f1xx_hal_pcd_ex.o
 .debug_aranges
                0x000005a8       0x90 ./Drivers/STM32F1xx_HAL_Driver/Src/stm32f1xx_hal_rcc.o
 .debug_aranges
                0x00000638       0x30 ./Drivers/STM32F1xx_HAL_Driver/Src/stm32f1xx_hal_rcc_ex.o
 .debug_aranges
                0x00000668      0x1d0 ./Drivers/STM32F1xx_HAL_Driver/Src/stm32f1xx_hal_spi.o
 .debug_aranges
                0x00000838      0x3d0 ./Drivers/STM32F1xx_HAL_Driver/Src/stm32f1xx_hal_tim.o
 .debug_aranges
                0x00000c08      0x168 ./Drivers/STM32F1xx_HAL_Driver/Src/stm32f1xx_hal_tim_ex.o
 .debug_aranges
                0x00000d70       0xf8 ./Drivers/STM32F1xx_HAL_Driver/Src/stm32f1xx_ll_usb.o
 .debug_aranges
                0x00000e68       0x90 ./Middlewares/ST/STM32_USB_Device_Library/Class/CDC/Src/usbd_cdc.o
 .debug_aranges
                0x00000ef8       0xb8 ./Middlewares/ST/STM32_USB_Device_Library/Core/Src/usbd_core.o
 .debug_aranges
                0x00000fb0       0x88 ./Middlewares/ST/STM32_USB_Device_Library/Core/Src/usbd_ctlreq.o
 .debug_aranges
                0x00001038       0x50 ./Middlewares/ST/STM32_USB_Device_Library/Core/Src/usbd_ioreq.o
 .debug_aranges
                0x00001088       0x20 ./USB_DEVICE/App/usb_device.o
 .debug_aranges
                0x000010a8       0x40 ./USB_DEVICE/App/usbd_cdc_if.o
 .debug_aranges
                0x000010e8       0x60 ./USB_DEVICE/App/usbd_desc.o
 .debug_aranges
                0x00001148      0x118 ./USB_DEVICE/Target/usbd_conf.o

.debug_rnglists
                0x00000000      0xded
 .debug_rnglists
                0x00000000       0x14 ./Core/Src/gpio.o
 .debug_rnglists
                0x00000014       0x39 ./Core/Src/main.o
 .debug_rnglists
                0x0000004d       0x20 ./Core/Src/spi.o
 .debug_rnglists
                0x0000006d       0x13 ./Core/Src/stm32f1xx_hal_msp.o
 .debug_rnglists
                0x00000080       0x61 ./Core/Src/stm32f1xx_it.o
 .debug_rnglists
                0x000000e1       0x1a ./Core/Src/system_stm32f1xx.o
 .debug_rnglists
                0x000000fb       0x49 ./Core/Src/tim.o
 .debug_rnglists
                0x00000144       0x19 ./Core/Startup/startup_stm32f103c8tx.o
 .debug_rnglists
                0x0000015d       0xa3 ./Drivers/STM32F1xx_HAL_Driver/Src/stm32f1xx_hal.o
 .debug_rnglists
                0x00000200       0xbb ./Drivers/STM32F1xx_HAL_Driver/Src/stm32f1xx_hal_cortex.o
 .debug_rnglists
                0x000002bb       0x3f ./Drivers/STM32F1xx_HAL_Driver/Src/stm32f1xx_hal_gpio.o
 .debug_rnglists
                0x000002fa       0xf4 ./Drivers/STM32F1xx_HAL_Driver/Src/stm32f1xx_hal_pcd.o
 .debug_rnglists
                0x000003ee       0x26 ./Drivers/STM32F1xx_HAL_Driver/Src/stm32f1xx_hal_pcd_ex.o
 .debug_rnglists
                0x00000414       0x6c ./Drivers/STM32F1xx_HAL_Driver/Src/stm32f1xx_hal_rcc.o
 .debug_rnglists
                0x00000480       0x21 ./Drivers/STM32F1xx_HAL_Driver/Src/stm32f1xx_hal_rcc_ex.o
 .debug_rnglists
                0x000004a1      0x16e ./Drivers/STM32F1xx_HAL_Driver/Src/stm32f1xx_hal_spi.o
 .debug_rnglists
                0x0000060f      0x31a ./Drivers/STM32F1xx_HAL_Driver/Src/stm32f1xx_hal_tim.o
 .debug_rnglists
                0x00000929      0x125 ./Drivers/STM32F1xx_HAL_Driver/Src/stm32f1xx_hal_tim_ex.o
 .debug_rnglists
                0x00000a4e       0xbd ./Drivers/STM32F1xx_HAL_Driver/Src/stm32f1xx_ll_usb.o
 .debug_rnglists
                0x00000b0b       0x6a ./Middlewares/ST/STM32_USB_Device_Library/Class/CDC/Src/usbd_cdc.o
 .debug_rnglists
                0x00000b75       0x89 ./Middlewares/ST/STM32_USB_Device_Library/Core/Src/usbd_core.o
 .debug_rnglists
                0x00000bfe       0x68 ./Middlewares/ST/STM32_USB_Device_Library/Core/Src/usbd_ctlreq.o
 .debug_rnglists
                0x00000c66       0x37 ./Middlewares/ST/STM32_USB_Device_Library/Core/Src/usbd_ioreq.o
 .debug_rnglists
                0x00000c9d       0x13 ./USB_DEVICE/App/usb_device.o
 .debug_rnglists
                0x00000cb0       0x2c ./USB_DEVICE/App/usbd_cdc_if.o
 .debug_rnglists
                0x00000cdc       0x43 ./USB_DEVICE/App/usbd_desc.o
 .debug_rnglists
                0x00000d1f       0xce ./USB_DEVICE/Target/usbd_conf.o

.debug_macro    0x00000000    0x1aa60
 .debug_macro   0x00000000      0x1e0 ./Core/Src/gpio.o
 .debug_macro   0x000001e0      0xaa8 ./Core/Src/gpio.o
 .debug_macro   0x00000c88      0x221 ./Core/Src/gpio.o
 .debug_macro   0x00000ea9       0x2e ./Core/Src/gpio.o
 .debug_macro   0x00000ed7       0x22 ./Core/Src/gpio.o
 .debug_macro   0x00000ef9       0x22 ./Core/Src/gpio.o
 .debug_macro   0x00000f1b       0x8e ./Core/Src/gpio.o
 .debug_macro   0x00000fa9       0x51 ./Core/Src/gpio.o
 .debug_macro   0x00000ffa      0x103 ./Core/Src/gpio.o
 .debug_macro   0x000010fd       0x6a ./Core/Src/gpio.o
 .debug_macro   0x00001167      0x1df ./Core/Src/gpio.o
 .debug_macro   0x00001346       0x1c ./Core/Src/gpio.o
 .debug_macro   0x00001362       0x22 ./Core/Src/gpio.o
 .debug_macro   0x00001384       0xbd ./Core/Src/gpio.o
 .debug_macro   0x00001441      0xd23 ./Core/Src/gpio.o
 .debug_macro   0x00002164     0xe09e ./Core/Src/gpio.o
 .debug_macro   0x00010202       0x6d ./Core/Src/gpio.o
 .debug_macro   0x0001026f     0x348d ./Core/Src/gpio.o
 .debug_macro   0x000136fc      0x189 ./Core/Src/gpio.o
 .debug_macro   0x00013885       0x5c ./Core/Src/gpio.o
 .debug_macro   0x000138e1      0x5bc ./Core/Src/gpio.o
 .debug_macro   0x00013e9d      0x289 ./Core/Src/gpio.o
 .debug_macro   0x00014126      0x1cb ./Core/Src/gpio.o
 .debug_macro   0x000142f1      0x114 ./Core/Src/gpio.o
 .debug_macro   0x00014405      0x1b2 ./Core/Src/gpio.o
 .debug_macro   0x000145b7       0x27 ./Core/Src/gpio.o
 .debug_macro   0x000145de      0x136 ./Core/Src/gpio.o
 .debug_macro   0x00014714      0x1bc ./Core/Src/gpio.o
 .debug_macro   0x000148d0       0x34 ./Core/Src/gpio.o
 .debug_macro   0x00014904       0x3c ./Core/Src/gpio.o
 .debug_macro   0x00014940       0x57 ./Core/Src/gpio.o
 .debug_macro   0x00014997       0x87 ./Core/Src/gpio.o
 .debug_macro   0x00014a1e      0x240 ./Core/Src/gpio.o
 .debug_macro   0x00014c5e      0x140 ./Core/Src/gpio.o
 .debug_macro   0x00014d9e      0x217 ./Core/Src/gpio.o
 .debug_macro   0x00014fb5      0x8ed ./Core/Src/gpio.o
 .debug_macro   0x000158a2       0xab ./Core/Src/gpio.o
 .debug_macro   0x0001594d      0x242 ./Core/Src/gpio.o
 .debug_macro   0x00015b8f       0x83 ./Core/Src/gpio.o
 .debug_macro   0x00015c12       0x94 ./Core/Src/gpio.o
 .debug_macro   0x00015ca6      0x3a6 ./Core/Src/main.o
 .debug_macro   0x0001604c       0x61 ./Core/Src/main.o
 .debug_macro   0x000160ad       0x24 ./Core/Src/main.o
 .debug_macro   0x000160d1       0x43 ./Core/Src/main.o
 .debug_macro   0x00016114       0x34 ./Core/Src/main.o
 .debug_macro   0x00016148       0x16 ./Core/Src/main.o
 .debug_macro   0x0001615e       0x35 ./Core/Src/main.o
 .debug_macro   0x00016193      0x369 ./Core/Src/main.o
 .debug_macro   0x000164fc       0x10 ./Core/Src/main.o
 .debug_macro   0x0001650c       0x16 ./Core/Src/main.o
 .debug_macro   0x00016522       0x43 ./Core/Src/main.o
 .debug_macro   0x00016565       0x34 ./Core/Src/main.o
 .debug_macro   0x00016599       0x10 ./Core/Src/main.o
 .debug_macro   0x000165a9       0x58 ./Core/Src/main.o
 .debug_macro   0x00016601       0x8e ./Core/Src/main.o
 .debug_macro   0x0001668f       0x1c ./Core/Src/main.o
 .debug_macro   0x000166ab      0x177 ./Core/Src/main.o
 .debug_macro   0x00016822       0x16 ./Core/Src/main.o
 .debug_macro   0x00016838       0x16 ./Core/Src/main.o
 .debug_macro   0x0001684e      0x146 ./Core/Src/main.o
 .debug_macro   0x00016994       0x16 ./Core/Src/main.o
 .debug_macro   0x000169aa       0x16 ./Core/Src/main.o
 .debug_macro   0x000169c0       0x29 ./Core/Src/main.o
 .debug_macro   0x000169e9       0x16 ./Core/Src/main.o
 .debug_macro   0x000169ff       0x20 ./Core/Src/main.o
 .debug_macro   0x00016a1f       0x5f ./Core/Src/main.o
 .debug_macro   0x00016a7e      0x1c8 ./Core/Src/main.o
 .debug_macro   0x00016c46       0x8f ./Core/Src/main.o
 .debug_macro   0x00016cd5       0x10 ./Core/Src/main.o
 .debug_macro   0x00016ce5      0x1e0 ./Core/Src/spi.o
 .debug_macro   0x00016ec5      0x1d6 ./Core/Src/stm32f1xx_hal_msp.o
 .debug_macro   0x0001709b      0x1e0 ./Core/Src/stm32f1xx_it.o
 .debug_macro   0x0001727b      0x1c7 ./Core/Src/system_stm32f1xx.o
 .debug_macro   0x00017442      0x1e0 ./Core/Src/tim.o
 .debug_macro   0x00017622      0x1eb ./Drivers/STM32F1xx_HAL_Driver/Src/stm32f1xx_hal.o
 .debug_macro   0x0001780d      0x1c7 ./Drivers/STM32F1xx_HAL_Driver/Src/stm32f1xx_hal_cortex.o
 .debug_macro   0x000179d4      0x232 ./Drivers/STM32F1xx_HAL_Driver/Src/stm32f1xx_hal_gpio.o
 .debug_macro   0x00017c06      0x1d3 ./Drivers/STM32F1xx_HAL_Driver/Src/stm32f1xx_hal_pcd.o
 .debug_macro   0x00017dd9      0x1c7 ./Drivers/STM32F1xx_HAL_Driver/Src/stm32f1xx_hal_pcd_ex.o
 .debug_macro   0x00017fa0      0x1d9 ./Drivers/STM32F1xx_HAL_Driver/Src/stm32f1xx_hal_rcc.o
 .debug_macro   0x00018179      0x1c7 ./Drivers/STM32F1xx_HAL_Driver/Src/stm32f1xx_hal_rcc_ex.o
 .debug_macro   0x00018340      0x1cf ./Drivers/STM32F1xx_HAL_Driver/Src/stm32f1xx_hal_spi.o
 .debug_macro   0x0001850f      0x1c8 ./Drivers/STM32F1xx_HAL_Driver/Src/stm32f1xx_hal_tim.o
 .debug_macro   0x000186d7      0x1c7 ./Drivers/STM32F1xx_HAL_Driver/Src/stm32f1xx_hal_tim_ex.o
 .debug_macro   0x0001889e      0x1c7 ./Drivers/STM32F1xx_HAL_Driver/Src/stm32f1xx_ll_usb.o
 .debug_macro   0x00018a65      0x365 ./Middlewares/ST/STM32_USB_Device_Library/Class/CDC/Src/usbd_cdc.o
 .debug_macro   0x00018dca       0x9e ./Middlewares/ST/STM32_USB_Device_Library/Class/CDC/Src/usbd_cdc.o
 .debug_macro   0x00018e68      0x10b ./Middlewares/ST/STM32_USB_Device_Library/Class/CDC/Src/usbd_cdc.o
 .debug_macro   0x00018f73       0x56 ./Middlewares/ST/STM32_USB_Device_Library/Class/CDC/Src/usbd_cdc.o
 .debug_macro   0x00018fc9      0x34c ./Middlewares/ST/STM32_USB_Device_Library/Core/Src/usbd_core.o
 .debug_macro   0x00019315      0x1ce ./Middlewares/ST/STM32_USB_Device_Library/Core/Src/usbd_core.o
 .debug_macro   0x000194e3      0x356 ./Middlewares/ST/STM32_USB_Device_Library/Core/Src/usbd_ctlreq.o
 .debug_macro   0x00019839      0x352 ./Middlewares/ST/STM32_USB_Device_Library/Core/Src/usbd_ioreq.o
 .debug_macro   0x00019b8b      0x385 ./USB_DEVICE/App/usb_device.o
 .debug_macro   0x00019f10       0x9a ./USB_DEVICE/App/usb_device.o
 .debug_macro   0x00019faa       0x22 ./USB_DEVICE/App/usb_device.o
 .debug_macro   0x00019fcc       0x16 ./USB_DEVICE/App/usb_device.o
 .debug_macro   0x00019fe2      0x370 ./USB_DEVICE/App/usbd_cdc_if.o
 .debug_macro   0x0001a352      0x389 ./USB_DEVICE/App/usbd_desc.o
 .debug_macro   0x0001a6db       0x1c ./USB_DEVICE/App/usbd_desc.o
 .debug_macro   0x0001a6f7      0x369 ./USB_DEVICE/Target/usbd_conf.o

.debug_line     0x00000000    0x1645f
 .debug_line    0x00000000      0x6fa ./Core/Src/gpio.o
 .debug_line    0x000006fa      0xb1a ./Core/Src/main.o
 .debug_line    0x00001214      0x757 ./Core/Src/spi.o
 .debug_line    0x0000196b      0x6e0 ./Core/Src/stm32f1xx_hal_msp.o
 .debug_line    0x0000204b      0x81a ./Core/Src/stm32f1xx_it.o
 .debug_line    0x00002865      0x75e ./Core/Src/system_stm32f1xx.o
 .debug_line    0x00002fc3      0x98b ./Core/Src/tim.o
 .debug_line    0x0000394e       0x78 ./Core/Startup/startup_stm32f103c8tx.o
 .debug_line    0x000039c6      0x98b ./Drivers/STM32F1xx_HAL_Driver/Src/stm32f1xx_hal.o
 .debug_line    0x00004351      0xb77 ./Drivers/STM32F1xx_HAL_Driver/Src/stm32f1xx_hal_cortex.o
 .debug_line    0x00004ec8      0xa24 ./Drivers/STM32F1xx_HAL_Driver/Src/stm32f1xx_hal_gpio.o
 .debug_line    0x000058ec     0x13e6 ./Drivers/STM32F1xx_HAL_Driver/Src/stm32f1xx_hal_pcd.o
 .debug_line    0x00006cd2      0x759 ./Drivers/STM32F1xx_HAL_Driver/Src/stm32f1xx_hal_pcd_ex.o
 .debug_line    0x0000742b      0xd94 ./Drivers/STM32F1xx_HAL_Driver/Src/stm32f1xx_hal_rcc.o
 .debug_line    0x000081bf      0x8d5 ./Drivers/STM32F1xx_HAL_Driver/Src/stm32f1xx_hal_rcc_ex.o
 .debug_line    0x00008a94     0x1c3d ./Drivers/STM32F1xx_HAL_Driver/Src/stm32f1xx_hal_spi.o
 .debug_line    0x0000a6d1     0x3495 ./Drivers/STM32F1xx_HAL_Driver/Src/stm32f1xx_hal_tim.o
 .debug_line    0x0000db66     0x18ea ./Drivers/STM32F1xx_HAL_Driver/Src/stm32f1xx_hal_tim_ex.o
 .debug_line    0x0000f450     0x105c ./Drivers/STM32F1xx_HAL_Driver/Src/stm32f1xx_ll_usb.o
 .debug_line    0x000104ac      0xce7 ./Middlewares/ST/STM32_USB_Device_Library/Class/CDC/Src/usbd_cdc.o
 .debug_line    0x00011193      0xd63 ./Middlewares/ST/STM32_USB_Device_Library/Core/Src/usbd_core.o
 .debug_line    0x00011ef6      0xfa3 ./Middlewares/ST/STM32_USB_Device_Library/Core/Src/usbd_ctlreq.o
 .debug_line    0x00012e99      0x9f9 ./Middlewares/ST/STM32_USB_Device_Library/Core/Src/usbd_ioreq.o
 .debug_line    0x00013892      0x9b9 ./USB_DEVICE/App/usb_device.o
 .debug_line    0x0001424b      0xa01 ./USB_DEVICE/App/usbd_cdc_if.o
 .debug_line    0x00014c4c      0xa72 ./USB_DEVICE/App/usbd_desc.o
 .debug_line    0x000156be      0xda1 ./USB_DEVICE/Target/usbd_conf.o

.debug_str      0x00000000    0x8ea5f
 .debug_str     0x00000000    0x85ae2 ./Core/Src/gpio.o
                              0x85e9b (size before relaxing)
 .debug_str     0x00085ae2     0x4d26 ./Core/Src/main.o
                              0x8a933 (size before relaxing)
 .debug_str     0x0008a808      0x210 ./Core/Src/spi.o
                              0x85fa5 (size before relaxing)
 .debug_str     0x0008aa18       0x5a ./Core/Src/stm32f1xx_hal_msp.o
                              0x85b1c (size before relaxing)
 .debug_str     0x0008aa72      0x43c ./Core/Src/stm32f1xx_it.o
                              0x863da (size before relaxing)
 .debug_str     0x0008aeae       0x7e ./Core/Src/system_stm32f1xx.o
                              0x8582c (size before relaxing)
 .debug_str     0x0008af2c      0x38d ./Core/Src/tim.o
                              0x86767 (size before relaxing)
 .debug_str     0x0008b2b9       0x44 ./Core/Startup/startup_stm32f103c8tx.o
                                 0x94 (size before relaxing)
 .debug_str     0x0008b2fd      0x37a ./Drivers/STM32F1xx_HAL_Driver/Src/stm32f1xx_hal.o
                              0x85f5f (size before relaxing)
 .debug_str     0x0008b677      0x26c ./Drivers/STM32F1xx_HAL_Driver/Src/stm32f1xx_hal_cortex.o
                              0x85eab (size before relaxing)
 .debug_str     0x0008b8e3      0x29c ./Drivers/STM32F1xx_HAL_Driver/Src/stm32f1xx_hal_gpio.o
                              0x85bb2 (size before relaxing)
 .debug_str     0x0008bb7f      0x5bd ./Drivers/STM32F1xx_HAL_Driver/Src/stm32f1xx_hal_pcd.o
                              0x8613e (size before relaxing)
 .debug_str     0x0008c13c      0x170 ./Drivers/STM32F1xx_HAL_Driver/Src/stm32f1xx_hal_pcd_ex.o
                              0x85ca0 (size before relaxing)
 .debug_str     0x0008c2ac      0x229 ./Drivers/STM32F1xx_HAL_Driver/Src/stm32f1xx_hal_rcc.o
                              0x85c5b (size before relaxing)
 .debug_str     0x0008c4d5       0x9f ./Drivers/STM32F1xx_HAL_Driver/Src/stm32f1xx_hal_rcc_ex.o
                              0x859ab (size before relaxing)
 .debug_str     0x0008c574      0x56b ./Drivers/STM32F1xx_HAL_Driver/Src/stm32f1xx_hal_spi.o
                              0x86158 (size before relaxing)
 .debug_str     0x0008cadf      0xc2c ./Drivers/STM32F1xx_HAL_Driver/Src/stm32f1xx_hal_tim.o
                              0x86c4d (size before relaxing)
 .debug_str     0x0008d70b      0x3e1 ./Drivers/STM32F1xx_HAL_Driver/Src/stm32f1xx_hal_tim_ex.o
                              0x86469 (size before relaxing)
 .debug_str     0x0008daec      0x129 ./Drivers/STM32F1xx_HAL_Driver/Src/stm32f1xx_ll_usb.o
                              0x85cf2 (size before relaxing)
 .debug_str     0x0008dc15      0x645 ./Middlewares/ST/STM32_USB_Device_Library/Class/CDC/Src/usbd_cdc.o
                              0x8aa05 (size before relaxing)
 .debug_str     0x0008e25a      0x281 ./Middlewares/ST/STM32_USB_Device_Library/Core/Src/usbd_core.o
                              0x8a340 (size before relaxing)
 .debug_str     0x0008e4db      0x120 ./Middlewares/ST/STM32_USB_Device_Library/Core/Src/usbd_ctlreq.o
                              0x8a25a (size before relaxing)
 .debug_str     0x0008e5fb       0x51 ./Middlewares/ST/STM32_USB_Device_Library/Core/Src/usbd_ioreq.o
                              0x8a187 (size before relaxing)
 .debug_str     0x0008e64c       0xc6 ./USB_DEVICE/App/usb_device.o
                              0x8a512 (size before relaxing)
 .debug_str     0x0008e712       0x7d ./USB_DEVICE/App/usbd_cdc_if.o
                              0x8a538 (size before relaxing)
 .debug_str     0x0008e78f      0x258 ./USB_DEVICE/App/usbd_desc.o
                              0x8a0c3 (size before relaxing)
 .debug_str     0x0008e9e7       0x78 ./USB_DEVICE/Target/usbd_conf.o
                              0x8af92 (size before relaxing)

.comment        0x00000000       0x43
 .comment       0x00000000       0x43 ./Core/Src/gpio.o
                                 0x44 (size before relaxing)
 .comment       0x00000043       0x44 ./Core/Src/main.o
 .comment       0x00000043       0x44 ./Core/Src/spi.o
 .comment       0x00000043       0x44 ./Core/Src/stm32f1xx_hal_msp.o
 .comment       0x00000043       0x44 ./Core/Src/stm32f1xx_it.o
 .comment       0x00000043       0x44 ./Core/Src/system_stm32f1xx.o
 .comment       0x00000043       0x44 ./Core/Src/tim.o
 .comment       0x00000043       0x44 ./Drivers/STM32F1xx_HAL_Driver/Src/stm32f1xx_hal.o
 .comment       0x00000043       0x44 ./Drivers/STM32F1xx_HAL_Driver/Src/stm32f1xx_hal_cortex.o
 .comment       0x00000043       0x44 ./Drivers/STM32F1xx_HAL_Driver/Src/stm32f1xx_hal_gpio.o
 .comment       0x00000043       0x44 ./Drivers/STM32F1xx_HAL_Driver/Src/stm32f1xx_hal_pcd.o
 .comment       0x00000043       0x44 ./Drivers/STM32F1xx_HAL_Driver/Src/stm32f1xx_hal_pcd_ex.o
 .comment       0x00000043       0x44 ./Drivers/STM32F1xx_HAL_Driver/Src/stm32f1xx_hal_rcc.o
 .comment       0x00000043       0x44 ./Drivers/STM32F1xx_HAL_Driver/Src/stm32f1xx_hal_rcc_ex.o
 .comment       0x00000043       0x44 ./Drivers/STM32F1xx_HAL_Driver/Src/stm32f1xx_hal_spi.o
 .comment       0x00000043       0x44 ./Drivers/STM32F1xx_HAL_Driver/Src/stm32f1xx_hal_tim.o
 .comment       0x00000043       0x44 ./Drivers/STM32F1xx_HAL_Driver/Src/stm32f1xx_hal_tim_ex.o
 .comment       0x00000043       0x44 ./Drivers/STM32F1xx_HAL_Driver/Src/stm32f1xx_ll_usb.o
 .comment       0x00000043       0x44 ./Middlewares/ST/STM32_USB_Device_Library/Class/CDC/Src/usbd_cdc.o
 .comment       0x00000043       0x44 ./Middlewares/ST/STM32_USB_Device_Library/Core/Src/usbd_core.o
 .comment       0x00000043       0x44 ./Middlewares/ST/STM32_USB_Device_Library/Core/Src/usbd_ctlreq.o
 .comment       0x00000043       0x44 ./Middlewares/ST/STM32_USB_Device_Library/Core/Src/usbd_ioreq.o
 .comment       0x00000043       0x44 ./USB_DEVICE/App/usb_device.o
 .comment       0x00000043       0x44 ./USB_DEVICE/App/usbd_cdc_if.o
 .comment       0x00000043       0x44 ./USB_DEVICE/App/usbd_desc.o
 .comment       0x00000043       0x44 ./USB_DEVICE/Target/usbd_conf.o

.debug_frame    0x00000000     0x4aec
 .debug_frame   0x00000000       0x34 ./Core/Src/gpio.o
 .debug_frame   0x00000034      0x108 ./Core/Src/main.o
 .debug_frame   0x0000013c       0x74 ./Core/Src/spi.o
 .debug_frame   0x000001b0       0x38 ./Core/Src/stm32f1xx_hal_msp.o
 .debug_frame   0x000001e8      0x190 ./Core/Src/stm32f1xx_it.o
 .debug_frame   0x00000378       0x58 ./Core/Src/system_stm32f1xx.o
 .debug_frame   0x000003d0      0x15c ./Core/Src/tim.o
 .debug_frame   0x0000052c      0x334 ./Drivers/STM32F1xx_HAL_Driver/Src/stm32f1xx_hal.o
 .debug_frame   0x00000860      0x428 ./Drivers/STM32F1xx_HAL_Driver/Src/stm32f1xx_hal_cortex.o
 .debug_frame   0x00000c88      0x14c ./Drivers/STM32F1xx_HAL_Driver/Src/stm32f1xx_hal_gpio.o
 .debug_frame   0x00000dd4      0x59c ./Drivers/STM32F1xx_HAL_Driver/Src/stm32f1xx_hal_pcd.o
 .debug_frame   0x00001370       0xb0 ./Drivers/STM32F1xx_HAL_Driver/Src/stm32f1xx_hal_pcd_ex.o
 .debug_frame   0x00001420      0x218 ./Drivers/STM32F1xx_HAL_Driver/Src/stm32f1xx_hal_rcc.o
 .debug_frame   0x00001638       0x80 ./Drivers/STM32F1xx_HAL_Driver/Src/stm32f1xx_hal_rcc_ex.o
 .debug_frame   0x000016b8      0x824 ./Drivers/STM32F1xx_HAL_Driver/Src/stm32f1xx_hal_spi.o
 .debug_frame   0x00001edc     0x11bc ./Drivers/STM32F1xx_HAL_Driver/Src/stm32f1xx_hal_tim.o
 .debug_frame   0x00003098      0x638 ./Drivers/STM32F1xx_HAL_Driver/Src/stm32f1xx_hal_tim_ex.o
 .debug_frame   0x000036d0      0x478 ./Drivers/STM32F1xx_HAL_Driver/Src/stm32f1xx_ll_usb.o
 .debug_frame   0x00003b48      0x248 ./Middlewares/ST/STM32_USB_Device_Library/Class/CDC/Src/usbd_cdc.o
 .debug_frame   0x00003d90      0x300 ./Middlewares/ST/STM32_USB_Device_Library/Core/Src/usbd_core.o
 .debug_frame   0x00004090      0x218 ./Middlewares/ST/STM32_USB_Device_Library/Core/Src/usbd_ctlreq.o
 .debug_frame   0x000042a8      0x10c ./Middlewares/ST/STM32_USB_Device_Library/Core/Src/usbd_ioreq.o
 .debug_frame   0x000043b4       0x2c ./USB_DEVICE/App/usb_device.o
 .debug_frame   0x000043e0       0xbc ./USB_DEVICE/App/usbd_cdc_if.o
 .debug_frame   0x0000449c      0x160 ./USB_DEVICE/App/usbd_desc.o
 .debug_frame   0x000045fc      0x4a4 ./USB_DEVICE/Target/usbd_conf.o
 .debug_frame   0x00004aa0       0x20 /Applications/STM32CubeIDE.app/Contents/Eclipse/plugins/com.st.stm32cube.ide.mcu.externaltools.gnu-tools-for-stm32.12.3.rel1.macos64_1.0.100.202403111906/tools/bin/../lib/gcc/arm-none-eabi/12.3.1/../../../../arm-none-eabi/lib/thumb/v7-m/nofp/libc_nano.a(libc_a-memset.o)
 .debug_frame   0x00004ac0       0x2c /Applications/STM32CubeIDE.app/Contents/Eclipse/plugins/com.st.stm32cube.ide.mcu.externaltools.gnu-tools-for-stm32.12.3.rel1.macos64_1.0.100.202403111906/tools/bin/../lib/gcc/arm-none-eabi/12.3.1/../../../../arm-none-eabi/lib/thumb/v7-m/nofp/libc_nano.a(libc_a-init.o)

.debug_line_str
                0x00000000       0x78
 .debug_line_str
                0x00000000       0x78 ./Core/Startup/startup_stm32f103c8tx.o
